Component: ARM Compiler 5.06 update 5 (build 528) Tool: armlink [4d35e2]

==============================================================================

Section Cross References

    startup_stm32f10x_md.o(STACK) refers (Special) to heapauxi.o(.text) for __use_two_region_memory
    startup_stm32f10x_md.o(HEAP) refers (Special) to heapauxi.o(.text) for __use_two_region_memory
    startup_stm32f10x_md.o(RESET) refers (Special) to heapauxi.o(.text) for __use_two_region_memory
    startup_stm32f10x_md.o(RESET) refers to startup_stm32f10x_md.o(STACK) for __initial_sp
    startup_stm32f10x_md.o(RESET) refers to startup_stm32f10x_md.o(.text) for Reset_Handler
    startup_stm32f10x_md.o(RESET) refers to stm32f10x_it.o(i.NMI_Handler) for NMI_Handler
    startup_stm32f10x_md.o(RESET) refers to stm32f10x_it.o(i.HardFault_Handler) for HardFault_Handler
    startup_stm32f10x_md.o(RESET) refers to stm32f10x_it.o(i.MemManage_Handler) for MemManage_Handler
    startup_stm32f10x_md.o(RESET) refers to stm32f10x_it.o(i.BusFault_Handler) for BusFault_Handler
    startup_stm32f10x_md.o(RESET) refers to stm32f10x_it.o(i.UsageFault_Handler) for UsageFault_Handler
    startup_stm32f10x_md.o(RESET) refers to stm32f10x_it.o(i.SVC_Handler) for SVC_Handler
    startup_stm32f10x_md.o(RESET) refers to stm32f10x_it.o(i.DebugMon_Handler) for DebugMon_Handler
    startup_stm32f10x_md.o(RESET) refers to stm32f10x_it.o(i.PendSV_Handler) for PendSV_Handler
    startup_stm32f10x_md.o(RESET) refers to stm32f10x_it.o(i.SysTick_Handler) for SysTick_Handler
    startup_stm32f10x_md.o(RESET) refers to control.o(i.TIM4_IRQHandler) for TIM4_IRQHandler
    startup_stm32f10x_md.o(RESET) refers to ir_sensor.o(i.USART2_IRQHandler) for USART2_IRQHandler
    startup_stm32f10x_md.o(.text) refers (Special) to heapauxi.o(.text) for __use_two_region_memory
    startup_stm32f10x_md.o(.text) refers to system_stm32f10x.o(i.SystemInit) for SystemInit
    startup_stm32f10x_md.o(.text) refers to __main.o(!!!main) for __main
    startup_stm32f10x_md.o(.text) refers to startup_stm32f10x_md.o(HEAP) for Heap_Mem
    startup_stm32f10x_md.o(.text) refers to startup_stm32f10x_md.o(STACK) for Stack_Mem
    system_stm32f10x.o(i.SetSysClock) refers to system_stm32f10x.o(i.SetSysClockTo72) for SetSysClockTo72
    system_stm32f10x.o(i.SystemCoreClockUpdate) refers to system_stm32f10x.o(.data) for SystemCoreClock
    system_stm32f10x.o(i.SystemInit) refers to system_stm32f10x.o(i.SetSysClock) for SetSysClock
    stm32f10x_adc.o(i.ADC_DeInit) refers to stm32f10x_rcc.o(i.RCC_APB2PeriphResetCmd) for RCC_APB2PeriphResetCmd
    stm32f10x_bkp.o(i.BKP_DeInit) refers to stm32f10x_rcc.o(i.RCC_BackupResetCmd) for RCC_BackupResetCmd
    stm32f10x_can.o(i.CAN_DeInit) refers to stm32f10x_rcc.o(i.RCC_APB1PeriphResetCmd) for RCC_APB1PeriphResetCmd
    stm32f10x_can.o(i.CAN_GetITStatus) refers to stm32f10x_can.o(i.CheckITStatus) for CheckITStatus
    stm32f10x_cec.o(i.CEC_DeInit) refers to stm32f10x_rcc.o(i.RCC_APB1PeriphResetCmd) for RCC_APB1PeriphResetCmd
    stm32f10x_dac.o(i.DAC_DeInit) refers to stm32f10x_rcc.o(i.RCC_APB1PeriphResetCmd) for RCC_APB1PeriphResetCmd
    stm32f10x_flash.o(i.FLASH_EnableWriteProtection) refers to stm32f10x_flash.o(i.FLASH_WaitForLastOperation) for FLASH_WaitForLastOperation
    stm32f10x_flash.o(i.FLASH_EraseAllBank1Pages) refers to stm32f10x_flash.o(i.FLASH_WaitForLastBank1Operation) for FLASH_WaitForLastBank1Operation
    stm32f10x_flash.o(i.FLASH_EraseAllPages) refers to stm32f10x_flash.o(i.FLASH_WaitForLastOperation) for FLASH_WaitForLastOperation
    stm32f10x_flash.o(i.FLASH_EraseOptionBytes) refers to stm32f10x_flash.o(i.FLASH_GetReadOutProtectionStatus) for FLASH_GetReadOutProtectionStatus
    stm32f10x_flash.o(i.FLASH_EraseOptionBytes) refers to stm32f10x_flash.o(i.FLASH_WaitForLastOperation) for FLASH_WaitForLastOperation
    stm32f10x_flash.o(i.FLASH_ErasePage) refers to stm32f10x_flash.o(i.FLASH_WaitForLastOperation) for FLASH_WaitForLastOperation
    stm32f10x_flash.o(i.FLASH_ProgramHalfWord) refers to stm32f10x_flash.o(i.FLASH_WaitForLastOperation) for FLASH_WaitForLastOperation
    stm32f10x_flash.o(i.FLASH_ProgramOptionByteData) refers to stm32f10x_flash.o(i.FLASH_WaitForLastOperation) for FLASH_WaitForLastOperation
    stm32f10x_flash.o(i.FLASH_ProgramWord) refers to stm32f10x_flash.o(i.FLASH_WaitForLastOperation) for FLASH_WaitForLastOperation
    stm32f10x_flash.o(i.FLASH_ReadOutProtection) refers to stm32f10x_flash.o(i.FLASH_WaitForLastOperation) for FLASH_WaitForLastOperation
    stm32f10x_flash.o(i.FLASH_UserOptionByteConfig) refers to stm32f10x_flash.o(i.FLASH_WaitForLastOperation) for FLASH_WaitForLastOperation
    stm32f10x_flash.o(i.FLASH_WaitForLastBank1Operation) refers to stm32f10x_flash.o(i.FLASH_GetBank1Status) for FLASH_GetBank1Status
    stm32f10x_flash.o(i.FLASH_WaitForLastOperation) refers to stm32f10x_flash.o(i.FLASH_GetBank1Status) for FLASH_GetBank1Status
[...]
    Removing stm32f10x_usart.o(i.USART_ClockStructInit), (12 bytes).
    Removing stm32f10x_usart.o(i.USART_DMACmd), (18 bytes).
    Removing stm32f10x_usart.o(i.USART_DeInit), (156 bytes).
    Removing stm32f10x_usart.o(i.USART_HalfDuplexCmd), (24 bytes).
    Removing stm32f10x_usart.o(i.USART_IrDACmd), (24 bytes).
    Removing stm32f10x_usart.o(i.USART_IrDAConfig), (18 bytes).
    Removing stm32f10x_usart.o(i.USART_LINBreakDetectLengthConfig), (18 bytes).
    Removing stm32f10x_usart.o(i.USART_LINCmd), (24 bytes).
    Removing stm32f10x_usart.o(i.USART_OneBitMethodCmd), (24 bytes).
    Removing stm32f10x_usart.o(i.USART_OverSampling8Cmd), (22 bytes).
    Removing stm32f10x_usart.o(i.USART_ReceiverWakeUpCmd), (24 bytes).
    Removing stm32f10x_usart.o(i.USART_SendBreak), (10 bytes).
    Removing stm32f10x_usart.o(i.USART_SetAddress), (18 bytes).
    Removing stm32f10x_usart.o(i.USART_SetGuardTime), (16 bytes).
    Removing stm32f10x_usart.o(i.USART_SetPrescaler), (16 bytes).
    Removing stm32f10x_usart.o(i.USART_SmartCardCmd), (24 bytes).
    Removing stm32f10x_usart.o(i.USART_SmartCardNACKCmd), (24 bytes).
    Removing stm32f10x_usart.o(i.USART_StructInit), (24 bytes).
    Removing stm32f10x_usart.o(i.USART_WakeUpConfig), (18 bytes).
    Removing stm32f10x_wwdg.o(i.WWDG_ClearFlag), (12 bytes).
    Removing stm32f10x_wwdg.o(i.WWDG_DeInit), (22 bytes).
    Removing stm32f10x_wwdg.o(i.WWDG_Enable), (16 bytes).
    Removing stm32f10x_wwdg.o(i.WWDG_EnableIT), (12 bytes).
    Removing stm32f10x_wwdg.o(i.WWDG_GetFlagStatus), (12 bytes).
    Removing stm32f10x_wwdg.o(i.WWDG_SetCounter), (16 bytes).
    Removing stm32f10x_wwdg.o(i.WWDG_SetPrescaler), (24 bytes).
    Removing stm32f10x_wwdg.o(i.WWDG_SetWindowValue), (40 bytes).
    Removing delay.o(i.Delay_s), (24 bytes).
    Removing led.o(i.led1_off), (16 bytes).
    Removing led.o(i.led1_on), (16 bytes).
    Removing led.o(i.led1_turn), (44 bytes).
    Removing led.o(i.led2_off), (16 bytes).
    Removing led.o(i.led2_on), (16 bytes).
    Removing led.o(i.led2_turn), (44 bytes).
    Removing led.o(i.led_Init), (52 bytes).
    Removing oled.o(i.OLED_ShowBinNum), (62 bytes).
    Removing oled.o(i.OLED_ShowHexNum), (84 bytes).
    Removing oled.o(i.OLED_ShowNum), (68 bytes).
    Removing ir_sensor.o(i.IR_ReadAnalog), (28 bytes).
    Removing ir_sensor.o(i.IR_ReadDigital), (108 bytes).
    Removing oled_showbinary.o(.bss), (9 bytes).

446 unused section(s) (total 17247 bytes) removed from the image.

==============================================================================

Image Symbol Table

    Local Symbols

    Symbol Name                              Value     Ov Type        Size  Object(Section)

    ../clib/angel/boardlib.s                 0x00000000   Number         0  boardinit3.o ABSOLUTE
    ../clib/angel/boardlib.s                 0x00000000   Number         0  boardshut.o ABSOLUTE
    ../clib/angel/boardlib.s                 0x00000000   Number         0  boardinit1.o ABSOLUTE
    ../clib/angel/boardlib.s                 0x00000000   Number         0  boardinit2.o ABSOLUTE
    ../clib/angel/handlers.s                 0x00000000   Number         0  __scatter_copy.o ABSOLUTE
    ../clib/angel/handlers.s                 0x00000000   Number         0  __scatter_zi.o ABSOLUTE
    ../clib/angel/kernel.s                   0x00000000   Number         0  rtexit2.o ABSOLUTE
    ../clib/angel/kernel.s                   0x00000000   Number         0  rtexit.o ABSOLUTE
    ../clib/angel/kernel.s                   0x00000000   Number         0  __rtentry.o ABSOLUTE
    ../clib/angel/kernel.s                   0x00000000   Number         0  __rtentry4.o ABSOLUTE
    ../clib/angel/kernel.s                   0x00000000   Number         0  __rtentry2.o ABSOLUTE
    ../clib/angel/rt.s                       0x00000000   Number         0  rt_raise.o ABSOLUTE
    ../clib/angel/rt.s                       0x00000000   Number         0  rt_locale_intlibspace.o ABSOLUTE
    ../clib/angel/rt.s                       0x00000000   Number         0  rt_locale.o ABSOLUTE
    ../clib/angel/rt.s                       0x00000000   Number         0  rt_ctype_table.o ABSOLUTE
    ../clib/angel/rt.s                       0x00000000   Number         0  rt_errno_addr_intlibspace.o ABSOLUTE
    ../clib/angel/rt.s                       0x00000000   Number         0  rt_errno_addr.o ABSOLUTE
    ../clib/angel/scatter.s                  0x00000000   Number         0  __scatter.o ABSOLUTE
    ../clib/angel/startup.s                  0x00000000   Number         0  __main.o ABSOLUTE
    ../clib/angel/sys.s                      0x00000000   Number         0  use_no_semi.o ABSOLUTE
    ../clib/angel/sys.s                      0x00000000   Number         0  sys_stackheap_outer.o ABSOLUTE
    ../clib/angel/sys.s                      0x00000000   Number         0  libspace.o ABSOLUTE
    ../clib/angel/sys.s                      0x00000000   Number         0  indicate_semi.o ABSOLUTE
    ../clib/angel/sysapp.c                   0x00000000   Number         0  sys_command.o ABSOLUTE
    ../clib/angel/sysapp.c                   0x00000000   Number         0  sys_exit.o ABSOLUTE
    ../clib/angel/sysapp.c                   0x00000000   Number         0  sys_wrch.o ABSOLUTE
    ../clib/armsys.c                         0x00000000   Number         0  argv_veneer.o ABSOLUTE
    ../clib/armsys.c                         0x00000000   Number         0  argv_veneer.o ABSOLUTE
    ../clib/armsys.c                         0x00000000   Number         0  no_argv.o ABSOLUTE
    ../clib/armsys.c                         0x00000000   Number         0  _get_argv_nomalloc.o ABSOLUTE
    ../clib/heapalloc.c                      0x00000000   Number         0  hrguard.o ABSOLUTE
    ../clib/heapaux.c                        0x00000000   Number         0  heapauxi.o ABSOLUTE
    ../clib/libinit.s                        0x00000000   Number         0  libshutdown.o ABSOLUTE
    ../clib/libinit.s                        0x00000000   Number         0  libinit2.o ABSOLUTE
    ../clib/libinit.s                        0x00000000   Number         0  libshutdown2.o ABSOLUTE
    ../clib/libinit.s                        0x00000000   Number         0  libinit.o ABSOLUTE
    ../clib/locale.s                         0x00000000   Number         0  lc_ctype_c.o ABSOLUTE
    ../clib/memcpset.s                       0x00000000   Number         0  rt_memclr_w.o ABSOLUTE
    ../clib/memcpset.s                       0x00000000   Number         0  strncpy.o ABSOLUTE
    ../clib/memcpset.s                       0x00000000   Number         0  rt_memcpy_w.o ABSOLUTE
    ../clib/memcpset.s                       0x00000000   Number         0  strcmpv7m.o ABSOLUTE
    ../clib/memcpset.s                       0x00000000   Number         0  rt_memcpy_v6.o ABSOLUTE
    ../clib/memcpset.s                       0x00000000   Number         0  rt_memclr.o ABSOLUTE
    ../clib/scanf.c                          0x00000000   Number         0  atoi.o ABSOLUTE
    ../clib/scanf.c                          0x00000000   Number         0  _chval.o ABSOLUTE
    ../clib/scanf.c                          0x00000000   Number         0  strtol.o ABSOLUTE
    ../clib/scanf.c                          0x00000000   Number         0  _strtoul.o ABSOLUTE
    ../clib/signal.c                         0x00000000   Number         0  defsig_pvfn_inner.o ABSOLUTE
    ../clib/signal.c                         0x00000000   Number         0  defsig_rtmem_inner.o ABSOLUTE
    ../clib/signal.c                         0x00000000   Number         0  defsig_exit.o ABSOLUTE
    ../clib/signal.c                         0x00000000   Number         0  defsig_other.o ABSOLUTE
    ../clib/signal.c                         0x00000000   Number         0  defsig_segv_inner.o ABSOLUTE
    ../clib/signal.c                         0x00000000   Number         0  defsig_cppl_inner.o ABSOLUTE
    ../clib/signal.c                         0x00000000   Number         0  defsig_stak_inner.o ABSOLUTE
    ../clib/signal.c                         0x00000000   Number         0  defsig_rtred_inner.o ABSOLUTE
    ../clib/signal.c                         0x00000000   Number         0  defsig_fpe_inner.o ABSOLUTE
    ../clib/signal.c                         0x00000000   Number         0  defsig_rtmem_outer.o ABSOLUTE
    ../clib/signal.c                         0x00000000   Number         0  defsig_rtmem_formal.o ABSOLUTE
    ../clib/signal.c                         0x00000000   Number         0  __raise.o ABSOLUTE
    ../clib/signal.c                         0x00000000   Number         0  defsig_general.o ABSOLUTE
    ../clib/signal.c                         0x00000000   Number         0  defsig_abrt_inner.o ABSOLUTE
    ../clib/signal.s                         0x00000000   Number         0  defsig.o ABSOLUTE
    ../clib/stdlib.c                         0x00000000   Number         0  exit.o ABSOLUTE
    ../clib/string.c                         0x00000000   Number         0  strtok.o ABSOLUTE
    ../clib/string.c                         0x00000000   Number         0  strlen.o ABSOLUTE
    ../clib/string.c                         0x00000000   Number         0  strspn.o ABSOLUTE
    ../clib/string.c                         0x00000000   Number         0  strtok_int.o ABSOLUTE
    ../clib/string.c                         0x00000000   Number         0  strcpy.o ABSOLUTE
    ../clib/string.c                         0x00000000   Number         0  strcspn.o ABSOLUTE
    ../fplib/fpinit.s                        0x00000000   Number         0  fpinit.o ABSOLUTE
    dc.s                                     0x00000000   Number         0  dc.o ABSOLUTE
    hardware\Encoder_Left.c                  0x00000000   Number         0  encoder_left.o ABSOLUTE
    hardware\Encoder_Right.c                 0x00000000   Number         0  encoder_right.o ABSOLUTE
    hardware\Ir_Sensor.c                     0x00000000   Number         0  ir_sensor.o ABSOLUTE
    hardware\Motor.c                         0x00000000   Number         0  motor.o ABSOLUTE
    hardware\OLED.c                          0x00000000   Number         0  oled.o ABSOLUTE
    hardware\Pwm.c                           0x00000000   Number         0  pwm.o ABSOLUTE
    hardware\Timer.c                         0x00000000   Number         0  timer.o ABSOLUTE
    hardware\key.c                           0x00000000   Number         0  key.o ABSOLUTE
    hardware\led.c                           0x00000000   Number         0  led.o ABSOLUTE
    library\misc.c                           0x00000000   Number         0  misc.o ABSOLUTE
    library\stm32f10x_adc.c                  0x00000000   Number         0  stm32f10x_adc.o ABSOLUTE
    library\stm32f10x_bkp.c                  0x00000000   Number         0  stm32f10x_bkp.o ABSOLUTE
    library\stm32f10x_can.c                  0x00000000   Number         0  stm32f10x_can.o ABSOLUTE
    library\stm32f10x_cec.c                  0x00000000   Number         0  stm32f10x_cec.o ABSOLUTE
    library\stm32f10x_crc.c                  0x00000000   Number         0  stm32f10x_crc.o ABSOLUTE
    library\stm32f10x_dac.c                  0x00000000   Number         0  stm32f10x_dac.o ABSOLUTE
    library\stm32f10x_dbgmcu.c               0x00000000   Number         0  stm32f10x_dbgmcu.o ABSOLUTE
    library\stm32f10x_dma.c                  0x00000000   Number         0  stm32f10x_dma.o ABSOLUTE
    library\stm32f10x_exti.c                 0x00000000   Number         0  stm32f10x_exti.o ABSOLUTE
    library\stm32f10x_flash.c                0x00000000   Number         0  stm32f10x_flash.o ABSOLUTE
    library\stm32f10x_fsmc.c                 0x00000000   Number         0  stm32f10x_fsmc.o ABSOLUTE
    library\stm32f10x_gpio.c                 0x00000000   Number         0  stm32f10x_gpio.o ABSOLUTE
    library\stm32f10x_i2c.c                  0x00000000   Number         0  stm32f10x_i2c.o ABSOLUTE
    library\stm32f10x_iwdg.c                 0x00000000   Number         0  stm32f10x_iwdg.o ABSOLUTE
    library\stm32f10x_pwr.c                  0x00000000   Number         0  stm32f10x_pwr.o ABSOLUTE
    library\stm32f10x_rcc.c                  0x00000000   Number         0  stm32f10x_rcc.o ABSOLUTE
    library\stm32f10x_rtc.c                  0x00000000   Number         0  stm32f10x_rtc.o ABSOLUTE
    library\stm32f10x_sdio.c                 0x00000000   Number         0  stm32f10x_sdio.o ABSOLUTE
    library\stm32f10x_spi.c                  0x00000000   Number         0  stm32f10x_spi.o ABSOLUTE
    library\stm32f10x_tim.c                  0x00000000   Number         0  stm32f10x_tim.o ABSOLUTE
    library\stm32f10x_usart.c                0x00000000   Number         0  stm32f10x_usart.o ABSOLUTE
    library\stm32f10x_wwdg.c                 0x00000000   Number         0  stm32f10x_wwdg.o ABSOLUTE
    start\\core_cm3.c                        0x00000000   Number         0  core_cm3.o ABSOLUTE
    start\core_cm3.c                         0x00000000   Number         0  core_cm3.o ABSOLUTE
    start\startup_stm32f10x_md.s             0x00000000   Number         0  startup_stm32f10x_md.o ABSOLUTE
    start\system_stm32f10x.c                 0x00000000   Number         0  system_stm32f10x.o ABSOLUTE
    system\Delay.c                           0x00000000   Number         0  delay.o ABSOLUTE
    user\Control.c                           0x00000000   Number         0  control.o ABSOLUTE
    user\OLED_ShowBinary.c                   0x00000000   Number         0  oled_showbinary.o ABSOLUTE
    user\main.c                              0x00000000   Number         0  main.o ABSOLUTE
    user\stm32f10x_it.c                      0x00000000   Number         0  stm32f10x_it.o ABSOLUTE
    RESET                                    0x08000000   Section      236  startup_stm32f10x_md.o(RESET)
    !!!main                                  0x080000ec   Section        8  __main.o(!!!main)
    !!!scatter                               0x080000f4   Section       52  __scatter.o(!!!scatter)
    !!handler_copy                           0x08000128   Section       26  __scatter_copy.o(!!handler_copy)
    !!handler_zi                             0x08000144   Section       28  __scatter_zi.o(!!handler_zi)
    .ARM.Collect$$libinit$$00000000          0x08000160   Section        2  libinit.o(.ARM.Collect$$libinit$$00000000)
    .ARM.Collect$$libinit$$00000002          0x08000162   Section        0  libinit2.o(.ARM.Collect$$libinit$$00000002)
    .ARM.Collect$$libinit$$00000004          0x08000162   Section        0  libinit2.o(.ARM.Collect$$libinit$$00000004)
    .ARM.Collect$$libinit$$0000000A          0x08000162   Section        0  libinit2.o(.ARM.Collect$$libinit$$0000000A)
    .ARM.Collect$$libinit$$0000000C          0x08000162   Section        0  libinit2.o(.ARM.Collect$$libinit$$0000000C)
    .ARM.Collect$$libinit$$0000000E          0x08000162   Section        0  libinit2.o(.ARM.Collect$$libinit$$0000000E)
    .ARM.Collect$$libinit$$0000000F          0x08000162   Section        6  libinit2.o(.ARM.Collect$$libinit$$0000000F)
    .ARM.Collect$$libinit$$00000011          0x08000168   Section        0  libinit2.o(.ARM.Collect$$libinit$$00000011)
    .ARM.Collect$$libinit$$00000012          0x08000168   Section       12  libinit2.o(.ARM.Collect$$libinit$$00000012)
    .ARM.Collect$$libinit$$00000013          0x08000174   Section        0  libinit2.o(.ARM.Collect$$libinit$$00000013)
    .ARM.Collect$$libinit$$00000015          0x08000174   Section        0  libinit2.o(.ARM.Collect$$libinit$$00000015)
    .ARM.Collect$$libinit$$00000017          0x08000174   Section        0  libinit2.o(.ARM.Collect$$libinit$$00000017)
    .ARM.Collect$$libinit$$00000019          0x08000174   Section        0  libinit2.o(.ARM.Collect$$libinit$$00000019)
    .ARM.Collect$$libinit$$0000001B          0x08000174   Section        0  libinit2.o(.ARM.Collect$$libinit$$0000001B)
    .ARM.Collect$$libinit$$0000001D          0x08000174   Section        0  libinit2.o(.ARM.Collect$$libinit$$0000001D)
    .ARM.Collect$$libinit$$0000001F          0x08000174   Section        0  libinit2.o(.ARM.Collect$$libinit$$0000001F)
    .ARM.Collect$$libinit$$00000021          0x08000174   Section        0  libinit2.o(.ARM.Collect$$libinit$$00000021)
    .ARM.Collect$$libinit$$00000023          0x08000174   Section        0  libinit2.o(.ARM.Collect$$libinit$$00000023)
    .ARM.Collect$$libinit$$00000025          0x08000174   Section        0  libinit2.o(.ARM.Collect$$libinit$$00000025)
    .ARM.Collect$$libinit$$0000002C          0x08000174   Section        0  libinit2.o(.ARM.Collect$$libinit$$0000002C)
    .ARM.Collect$$libinit$$0000002E          0x08000174   Section        0  libinit2.o(.ARM.Collect$$libinit$$0000002E)
    .ARM.Collect$$libinit$$00000030          0x08000174   Section        0  libinit2.o(.ARM.Collect$$libinit$$00000030)
    .ARM.Collect$$libinit$$00000032          0x08000174   Section        0  libinit2.o(.ARM.Collect$$libinit$$00000032)
    .ARM.Collect$$libinit$$00000033          0x08000174   Section        2  libinit2.o(.ARM.Collect$$libinit$$00000033)
    .ARM.Collect$$libshutdown$$00000000      0x08000176   Section        2  libshutdown.o(.ARM.Collect$$libshutdown$$00000000)
    .ARM.Collect$$libshutdown$$00000002      0x08000178   Section        0  libshutdown2.o(.ARM.Collect$$libshutdown$$00000002)
    .ARM.Collect$$libshutdown$$00000004      0x08000178   Section        0  libshutdown2.o(.ARM.Collect$$libshutdown$$00000004)
    .ARM.Collect$$libshutdown$$00000007      0x08000178   Section        0  libshutdown2.o(.ARM.Collect$$libshutdown$$00000007)
    .ARM.Collect$$libshutdown$$0000000A      0x08000178   Section        0  libshutdown2.o(.ARM.Collect$$libshutdown$$0000000A)
    .ARM.Collect$$libshutdown$$0000000C      0x08000178   Section        0  libshutdown2.o(.ARM.Collect$$libshutdown$$0000000C)
    .ARM.Collect$$libshutdown$$0000000F      0x08000178   Section        0  libshutdown2.o(.ARM.Collect$$libshutdown$$0000000F)
    .ARM.Collect$$libshutdown$$00000010      0x08000178   Section        2  libshutdown2.o(.ARM.Collect$$libshutdown$$00000010)
    .ARM.Collect$$rtentry$$00000000          0x0800017a   Section        0  __rtentry.o(.ARM.Collect$$rtentry$$00000000)
    .ARM.Collect$$rtentry$$00000002          0x0800017a   Section        0  __rtentry2.o(.ARM.Collect$$rtentry$$00000002)
    .ARM.Collect$$rtentry$$00000004          0x0800017a   Section        6  __rtentry4.o(.ARM.Collect$$rtentry$$00000004)
    .ARM.Collect$$rtentry$$00000009          0x08000180   Section        0  __rtentry2.o(.ARM.Collect$$rtentry$$00000009)
    .ARM.Collect$$rtentry$$0000000A          0x08000180   Section        4  __rtentry2.o(.ARM.Collect$$rtentry$$0000000A)
    .ARM.Collect$$rtentry$$0000000C          0x08000184   Section        0  __rtentry2.o(.ARM.Collect$$rtentry$$0000000C)
    .ARM.Collect$$rtentry$$0000000D          0x08000184   Section        8  __rtentry2.o(.ARM.Collect$$rtentry$$0000000D)
    .ARM.Collect$$rtexit$$00000000           0x0800018c   Section        2  rtexit.o(.ARM.Collect$$rtexit$$00000000)
    .ARM.Collect$$rtexit$$00000002           0x0800018e   Section        0  rtexit2.o(.ARM.Collect$$rtexit$$00000002)
    .ARM.Collect$$rtexit$$00000003           0x0800018e   Section        4  rtexit2.o(.ARM.Collect$$rtexit$$00000003)
    .ARM.Collect$$rtexit$$00000004           0x08000192   Section        6  rtexit2.o(.ARM.Collect$$rtexit$$00000004)
    .text                                    0x08000198   Section       64  startup_stm32f10x_md.o(.text)
    .text                                    0x080001d8   Section        0  atoi.o(.text)
    .text                                    0x080001f4   Section        0  strtok.o(.text)
    .text                                    0x08000200   Section        0  strcpy.o(.text)
    .text                                    0x08000248   Section        0  strlen.o(.text)
    .text                                    0x08000286   Section      138  rt_memcpy_v6.o(.text)
    .text                                    0x08000310   Section       68  rt_memclr.o(.text)
    .text                                    0x08000354   Section       78  rt_memclr_w.o(.text)
    .text                                    0x080003a2   Section       86  strncpy.o(.text)
    .text                                    0x080003f8   Section        0  heapauxi.o(.text)
    .text                                    0x08000400   Section        8  rt_errno_addr_intlibspace.o(.text)
    .text                                    0x08000408   Section        0  strtol.o(.text)
    .text                                    0x08000478   Section        0  strtok_int.o(.text)
    .text                                    0x080004bc   Section      100  rt_memcpy_w.o(.text)
    .text                                    0x08000520   Section        8  libspace.o(.text)
    .text                                    0x08000528   Section       16  rt_ctype_table.o(.text)
    .text                                    0x08000538   Section        0  _strtoul.o(.text)
    .text                                    0x080005d6   Section        0  strcspn.o(.text)
    .text                                    0x080005f6   Section        0  strspn.o(.text)
    .text                                    0x08000612   Section       74  sys_stackheap_outer.o(.text)
    .text                                    0x0800065c   Section        8  rt_locale_intlibspace.o(.text)
    .text                                    0x08000664   Section        0  _chval.o(.text)
    .text                                    0x08000680   Section        0  exit.o(.text)
    .text                                    0x08000694   Section      128  strcmpv7m.o(.text)
    .text                                    0x08000714   Section        0  sys_exit.o(.text)
    .text                                    0x08000720   Section        2  use_no_semi.o(.text)
    .text                                    0x08000722   Section        0  indicate_semi.o(.text)
    i.BusFault_Handler                       0x08000722   Section        0  stm32f10x_it.o(i.BusFault_Handler)
    i.Deal_IR_Usart                          0x08000728   Section        0  ir_sensor.o(i.Deal_IR_Usart)
    Deal_IR_Usart                            0x08000729   Thumb Code   126  ir_sensor.o(i.Deal_IR_Usart)
    i.Deal_Usart_AData                       0x080007bc   Section        0  ir_sensor.o(i.Deal_Usart_AData)
    Deal_Usart_AData                         0x080007bd   Thumb Code   146  ir_sensor.o(i.Deal_Usart_AData)
    i.Deal_Usart_Data                        0x08000860   Section        0  ir_sensor.o(i.Deal_Usart_Data)
    Deal_Usart_Data                          0x08000861   Thumb Code    52  ir_sensor.o(i.Deal_Usart_Data)
    i.DebugMon_Handler                       0x0800089c   Section        0  stm32f10x_it.o(i.DebugMon_Handler)
    i.Delay_ms                               0x0800089e   Section        0  delay.o(i.Delay_ms)
    i.Delay_us                               0x080008b6   Section        0  delay.o(i.Delay_us)
    i.Encoder_Left_Get                       0x080008e4   Section        0  encoder_left.o(i.Encoder_Left_Get)
    i.Encoder_Left_Init                      0x08000900   Section        0  encoder_left.o(i.Encoder_Left_Init)
    i.Encoder_Right_Get                      0x080009a4   Section        0  encoder_right.o(i.Encoder_Right_Get)
    i.Encoder_Right_Init                     0x080009c0   Section        0  encoder_right.o(i.Encoder_Right_Init)
    i.GPIO_Init                              0x08000a64   Section        0  stm32f10x_gpio.o(i.GPIO_Init)
    i.GPIO_ReadInputDataBit                  0x08000b7a   Section        0  stm32f10x_gpio.o(i.GPIO_ReadInputDataBit)
    i.GPIO_ResetBits                         0x08000b8c   Section        0  stm32f10x_gpio.o(i.GPIO_ResetBits)
    i.GPIO_SetBits                           0x08000b90   Section        0  stm32f10x_gpio.o(i.GPIO_SetBits)
    i.GPIO_WriteBit                          0x08000b94   Section        0  stm32f10x_gpio.o(i.GPIO_WriteBit)
    i.Get_Left_Real                          0x08000ba0   Section        0  control.o(i.Get_Left_Real)
    i.Get_Right_Real                         0x08000bac   Section        0  control.o(i.Get_Right_Real)
    i.Get_Target                             0x08000bb8   Section        0  control.o(i.Get_Target)
    i.HardFault_Handler                      0x08000bc4   Section        0  stm32f10x_it.o(i.HardFault_Handler)
    i.IR_GetDigitalByte                      0x08000bc8   Section        0  ir_sensor.o(i.IR_GetDigitalByte)
    i.IR_Init                                0x08000bec   Section        0  ir_sensor.o(i.IR_Init)
    i.IR_IsDataReady                         0x08000ca4   Section        0  ir_sensor.o(i.IR_IsDataReady)
    i.IR_ProcessNewData                      0x08000cb8   Section        0  ir_sensor.o(i.IR_ProcessNewData)
    i.IR_RequestMode                         0x08000cf4   Section        0  ir_sensor.o(i.IR_RequestMode)
    i.MemManage_Handler                      0x08000d08   Section        0  stm32f10x_it.o(i.MemManage_Handler)
    i.Motor_Init                             0x08000d0c   Section        0  motor.o(i.Motor_Init)
    i.NMI_Handler                            0x08000d3c   Section        0  stm32f10x_it.o(i.NMI_Handler)
    i.NVIC_Init                              0x08000d40   Section        0  misc.o(i.NVIC_Init)
    i.NVIC_PriorityGroupConfig               0x08000db0   Section        0  misc.o(i.NVIC_PriorityGroupConfig)
    i.OLED_Clear                             0x08000dc4   Section        0  oled.o(i.OLED_Clear)
    i.OLED_I2C_Init                          0x08000df0   Section        0  oled.o(i.OLED_I2C_Init)
    i.OLED_I2C_SendByte                      0x08000e40   Section        0  oled.o(i.OLED_I2C_SendByte)
    i.OLED_I2C_Start                         0x08000e9c   Section        0  oled.o(i.OLED_I2C_Start)
    i.OLED_I2C_Stop                          0x08000ed0   Section        0  oled.o(i.OLED_I2C_Stop)
    i.OLED_Init                              0x08000ef8   Section        0  oled.o(i.OLED_Init)
    i.OLED_Pow                               0x08000fa6   Section        0  oled.o(i.OLED_Pow)
    i.OLED_SetCursor                         0x08000fba   Section        0  oled.o(i.OLED_SetCursor)
    i.OLED_ShowBinary8                       0x08000fdc   Section        0  oled_showbinary.o(i.OLED_ShowBinary8)
    i.OLED_ShowChar                          0x08001008   Section        0  oled.o(i.OLED_ShowChar)
    i.OLED_ShowSignedNum                     0x0800107c   Section        0  oled.o(i.OLED_ShowSignedNum)
    i.OLED_ShowString                        0x080010e2   Section        0  oled.o(i.OLED_ShowString)
    i.OLED_WriteCommand                      0x0800110a   Section        0  oled.o(i.OLED_WriteCommand)
    i.OLED_WriteData                         0x0800112a   Section        0  oled.o(i.OLED_WriteData)
    i.PWM_Set_Compare_PWM1                   0x0800114a   Section        0  pwm.o(i.PWM_Set_Compare_PWM1)
    i.PWM_Set_Compare_PWM2                   0x0800115a   Section        0  pwm.o(i.PWM_Set_Compare_PWM2)
    i.PendSV_Handler                         0x0800116a   Section        0  stm32f10x_it.o(i.PendSV_Handler)
    i.Pwm_Init                               0x0800116c   Section        0  pwm.o(i.Pwm_Init)
    i.RCC_APB1PeriphClockCmd                 0x08001224   Section        0  stm32f10x_rcc.o(i.RCC_APB1PeriphClockCmd)
    i.RCC_APB2PeriphClockCmd                 0x08001244   Section        0  stm32f10x_rcc.o(i.RCC_APB2PeriphClockCmd)
    i.RCC_GetClocksFreq                      0x08001264   Section        0  stm32f10x_rcc.o(i.RCC_GetClocksFreq)
    i.SVC_Handler                            0x08001338   Section        0  stm32f10x_it.o(i.SVC_Handler)
    i.SetSysClock                            0x0800133a   Section        0  system_stm32f10x.o(i.SetSysClock)
    SetSysClock                              0x0800133b   Thumb Code     8  system_stm32f10x.o(i.SetSysClock)
    i.SetSysClockTo72                        0x08001344   Section        0  system_stm32f10x.o(i.SetSysClockTo72)
    SetSysClockTo72                          0x08001345   Thumb Code   214  system_stm32f10x.o(i.SetSysClockTo72)
    i.Set_Left_Speed                         0x08001424   Section        0  motor.o(i.Set_Left_Speed)
    i.Set_Right_Speed                        0x08001454   Section        0  motor.o(i.Set_Right_Speed)
    i.SysTick_Handler                        0x0800148c   Section        0  stm32f10x_it.o(i.SysTick_Handler)
    i.SystemInit                             0x08001490   Section        0  system_stm32f10x.o(i.SystemInit)
    i.TI1_Config                             0x080014f0   Section        0  stm32f10x_tim.o(i.TI1_Config)
    TI1_Config                               0x080014f1   Thumb Code   108  stm32f10x_tim.o(i.TI1_Config)
    i.TI2_Config                             0x08001570   Section        0  stm32f10x_tim.o(i.TI2_Config)
    TI2_Config                               0x08001571   Thumb Code   130  stm32f10x_tim.o(i.TI2_Config)
    i.TI3_Config                             0x08001608   Section        0  stm32f10x_tim.o(i.TI3_Config)
    TI3_Config                               0x08001609   Thumb Code   122  stm32f10x_tim.o(i.TI3_Config)
    i.TI4_Config                             0x08001698   Section        0  stm32f10x_tim.o(i.TI4_Config)
    TI4_Config                               0x08001699   Thumb Code   130  stm32f10x_tim.o(i.TI4_Config)
    i.TIM4_IRQHandler                        0x08001730   Section        0  control.o(i.TIM4_IRQHandler)
    i.TIM_ClearFlag                          0x080018dc   Section        0  stm32f10x_tim.o(i.TIM_ClearFlag)
    i.TIM_ClearITPendingBit                  0x080018e2   Section        0  stm32f10x_tim.o(i.TIM_ClearITPendingBit)
    i.TIM_Cmd                                0x080018e8   Section        0  stm32f10x_tim.o(i.TIM_Cmd)
    i.TIM_EncoderInterfaceConfig             0x08001900   Section        0  stm32f10x_tim.o(i.TIM_EncoderInterfaceConfig)
    i.TIM_GetCounter                         0x08001942   Section        0  stm32f10x_tim.o(i.TIM_GetCounter)
    i.TIM_GetITStatus                        0x08001948   Section        0  stm32f10x_tim.o(i.TIM_GetITStatus)
    i.TIM_ICInit                             0x0800196c   Section        0  stm32f10x_tim.o(i.TIM_ICInit)
    i.TIM_ICStructInit                       0x08001a18   Section        0  stm32f10x_tim.o(i.TIM_ICStructInit)
    i.TIM_ITConfig                           0x08001a2a   Section        0  stm32f10x_tim.o(i.TIM_ITConfig)
    i.TIM_InternalClockConfig                0x08001a3c   Section        0  stm32f10x_tim.o(i.TIM_InternalClockConfig)
    i.TIM_OC1Init                            0x08001a48   Section        0  stm32f10x_tim.o(i.TIM_OC1Init)
    i.TIM_OC2Init                            0x08001ae0   Section        0  stm32f10x_tim.o(i.TIM_OC2Init)
    i.TIM_OCStructInit                       0x08001b84   Section        0  stm32f10x_tim.o(i.TIM_OCStructInit)
    i.TIM_SetCompare1                        0x08001b98   Section        0  stm32f10x_tim.o(i.TIM_SetCompare1)
    i.TIM_SetCompare2                        0x08001b9c   Section        0  stm32f10x_tim.o(i.TIM_SetCompare2)
    i.TIM_SetCounter                         0x08001ba0   Section        0  stm32f10x_tim.o(i.TIM_SetCounter)
    i.TIM_SetIC1Prescaler                    0x08001ba4   Section        0  stm32f10x_tim.o(i.TIM_SetIC1Prescaler)
    i.TIM_SetIC2Prescaler                    0x08001bb6   Section        0  stm32f10x_tim.o(i.TIM_SetIC2Prescaler)
    i.TIM_SetIC3Prescaler                    0x08001bd0   Section        0  stm32f10x_tim.o(i.TIM_SetIC3Prescaler)
    i.TIM_SetIC4Prescaler                    0x08001be2   Section        0  stm32f10x_tim.o(i.TIM_SetIC4Prescaler)
    i.TIM_TimeBaseInit                       0x08001bfc   Section        0  stm32f10x_tim.o(i.TIM_TimeBaseInit)
    i.Target_Update                          0x08001ca0   Section        0  control.o(i.Target_Update)
    i.Timer_Init                             0x08001ccc   Section        0  timer.o(i.Timer_Init)
    i.USART2_IRQHandler                      0x08001d4c   Section        0  ir_sensor.o(i.USART2_IRQHandler)
    i.USART2_Send_ArrayU8                    0x08001d78   Section        0  ir_sensor.o(i.USART2_Send_ArrayU8)
    USART2_Send_ArrayU8                      0x08001d79   Thumb Code    28  ir_sensor.o(i.USART2_Send_ArrayU8)
    i.USART2_Send_U8                         0x08001d94   Section        0  ir_sensor.o(i.USART2_Send_U8)
    USART2_Send_U8                           0x08001d95   Thumb Code    28  ir_sensor.o(i.USART2_Send_U8)
    i.USART_ClearITPendingBit                0x08001db4   Section        0  stm32f10x_usart.o(i.USART_ClearITPendingBit)
    i.USART_Cmd                              0x08001dd2   Section        0  stm32f10x_usart.o(i.USART_Cmd)
    i.USART_GetFlagStatus                    0x08001dea   Section        0  stm32f10x_usart.o(i.USART_GetFlagStatus)
    i.USART_GetITStatus                      0x08001e04   Section        0  stm32f10x_usart.o(i.USART_GetITStatus)
    i.USART_ITConfig                         0x08001e58   Section        0  stm32f10x_usart.o(i.USART_ITConfig)
    i.USART_Init                             0x08001ea4   Section        0  stm32f10x_usart.o(i.USART_Init)
    i.USART_ReceiveData                      0x08001f7c   Section        0  stm32f10x_usart.o(i.USART_ReceiveData)
    i.USART_SendData                         0x08001f86   Section        0  stm32f10x_usart.o(i.USART_SendData)
    i.UsageFault_Handler                     0x08001f8e   Section        0  stm32f10x_it.o(i.UsageFault_Handler)
    i.key_GetNum                             0x08001f94   Section        0  key.o(i.key_GetNum)
    i.key_Init                               0x08001ff0   Section        0  key.o(i.key_Init)
    i.main                                   0x0800201c   Section        0  main.o(i.main)
    i.send_control_data                      0x080020ec   Section        0  ir_sensor.o(i.send_control_data)
    send_control_data                        0x080020ed   Thumb Code   116  ir_sensor.o(i.send_control_data)
    i.splitString                            0x08002170   Section        0  ir_sensor.o(i.splitString)
    splitString                              0x08002171   Thumb Code    54  ir_sensor.o(i.splitString)
    locale$$code                             0x080021a8   Section       44  lc_ctype_c.o(locale$$code)
    .constdata                               0x080021d4   Section     1520  oled.o(.constdata)
    locale$$data                             0x080027e4   Section      272  lc_ctype_c.o(locale$$data)
    __lcctype_c_name                         0x080027e8   Data           2  lc_ctype_c.o(locale$$data)
    __lcctype_c_start                        0x080027f0   Data           0  lc_ctype_c.o(locale$$data)
    __lcctype_c_end                          0x080028f4   Data           0  lc_ctype_c.o(locale$$data)
    .data                                    0x20000000   Section       20  stm32f10x_rcc.o(.data)
    APBAHBPrescTable                         0x20000000   Data          16  stm32f10x_rcc.o(.data)
    ADCPrescTable                            0x20000010   Data           4  stm32f10x_rcc.o(.data)
    .data                                    0x20000014   Section       13  ir_sensor.o(.data)
    g_new_package_flag                       0x20000014   Data           1  ir_sensor.o(.data)
    IR_Data_number                           0x20000015   Data           8  ir_sensor.o(.data)
    g_Amode_Data                             0x2000001d   Data           1  ir_sensor.o(.data)
    g_Dmode_Data                             0x2000001e   Data           1  ir_sensor.o(.data)
    g_start                                  0x2000001f   Data           1  ir_sensor.o(.data)
    step                                     0x20000020   Data           1  ir_sensor.o(.data)
    .data                                    0x20000024   Section       22  control.o(.data)
    Target                                   0x20000024   Data           4  control.o(.data)
    Left_Real                                0x20000028   Data           4  control.o(.data)
    Right_Real                               0x2000002c   Data           4  control.o(.data)
    Left_Error                               0x20000030   Data           2  control.o(.data)
    Right_Error                              0x20000032   Data           2  control.o(.data)
    Left_CRR                                 0x20000034   Data           2  control.o(.data)
    Right_CRR                                0x20000036   Data           2  control.o(.data)
    Correction                               0x20000038   Data           2  control.o(.data)
    .data                                    0x2000003c   Section        4  strtok.o(.data)
    _strtok_saves1                           0x2000003c   Data           4  strtok.o(.data)
    .bss                                     0x20000040   Section      216  ir_sensor.o(.bss)
    rx_buff                                  0x20000040   Data         100  ir_sensor.o(.bss)
    new_package                              0x200000a4   Data         100  ir_sensor.o(.bss)
    IR_Data_Anglo                            0x20000108   Data          16  ir_sensor.o(.bss)
    .bss                                     0x20000118   Section       96  libspace.o(.bss)
    HEAP                                     0x20000178   Section      512  startup_stm32f10x_md.o(HEAP)
    Heap_Mem                                 0x20000178   Data         512  startup_stm32f10x_md.o(HEAP)
    STACK                                    0x20000378   Section     1024  startup_stm32f10x_md.o(STACK)
    Stack_Mem                                0x20000378   Data        1024  startup_stm32f10x_md.o(STACK)
    __initial_sp                             0x20000778   Data           0  startup_stm32f10x_md.o(STACK)

    Global Symbols

    Symbol Name                              Value     Ov Type        Size  Object(Section)

    BuildAttributes$$THM_ISAv4$P$D$K$B$S$PE$A:L22UL41UL21$X:L11$S22US41US21$IEEE1$IW$USESV6$~STKCKD$USESV7$~SHL$OSPACE$ROPI$EBA8$UX$STANDARDLIB$REQ8$PRES8$EABIv2 0x00000000   Number         0  anon$$obj.o ABSOLUTE
    __ARM_use_no_argv                        0x00000000   Number         0  main.o ABSOLUTE
    __ARM_exceptions_init                     - Undefined Weak Reference
    __alloca_initialize                       - Undefined Weak Reference
    __arm_preinit_                            - Undefined Weak Reference
    __cpp_initialize__aeabi_                  - Undefined Weak Reference
    __cxa_finalize                            - Undefined Weak Reference
    __sigvec_lookup                           - Undefined Weak Reference
    _atexit_init                              - Undefined Weak Reference
    _call_atexit_fns                          - Undefined Weak Reference
    _clock_init                               - Undefined Weak Reference
    _fp_trap_init                             - Undefined Weak Reference
    _fp_trap_shutdown                         - Undefined Weak Reference
    _get_lc_collate                           - Undefined Weak Reference
    _get_lc_monetary                          - Undefined Weak Reference
    _get_lc_numeric                           - Undefined Weak Reference
    _get_lc_time                              - Undefined Weak Reference
    _getenv_init                              - Undefined Weak Reference
    _handle_redirection                       - Undefined Weak Reference
    _init_alloc                               - Undefined Weak Reference
    _init_user_alloc                          - Undefined Weak Reference
    _initio                                   - Undefined Weak Reference
    _rand_init                                - Undefined Weak Reference
    _signal_finish                            - Undefined Weak Reference
    _signal_init                              - Undefined Weak Reference
    _terminate_alloc                          - Undefined Weak Reference
    _terminate_user_alloc                     - Undefined Weak Reference
    _terminateio                              - Undefined Weak Reference
    __Vectors_Size                           0x000000ec   Number         0  startup_stm32f10x_md.o ABSOLUTE
    __Vectors                                0x08000000   Data           4  startup_stm32f10x_md.o(RESET)
    __Vectors_End                            0x080000ec   Data           0  startup_stm32f10x_md.o(RESET)
    __main                                   0x080000ed   Thumb Code     8  __main.o(!!!main)
    __scatterload                            0x080000f5   Thumb Code     0  __scatter.o(!!!scatter)
    __scatterload_rt2                        0x080000f5   Thumb Code    44  __scatter.o(!!!scatter)
    __scatterload_rt2_thumb_only             0x080000f5   Thumb Code     0  __scatter.o(!!!scatter)
    __scatterload_null                       0x08000103   Thumb Code     0  __scatter.o(!!!scatter)
    __scatterload_copy                       0x08000129   Thumb Code    26  __scatter_copy.o(!!handler_copy)
    __scatterload_zeroinit                   0x08000145   Thumb Code    28  __scatter_zi.o(!!handler_zi)
    __rt_lib_init                            0x08000161   Thumb Code     0  libinit.o(.ARM.Collect$$libinit$$00000000)
    __rt_lib_init_fp_1                       0x08000163   Thumb Code     0  libinit2.o(.ARM.Collect$$libinit$$00000002)
    __rt_lib_init_heap_1                     0x08000163   Thumb Code     0  libinit2.o(.ARM.Collect$$libinit$$0000000A)
    __rt_lib_init_lc_common                  0x08000163   Thumb Code     0  libinit2.o(.ARM.Collect$$libinit$$0000000F)
    __rt_lib_init_preinit_1                  0x08000163   Thumb Code     0  libinit2.o(.ARM.Collect$$libinit$$00000004)
    __rt_lib_init_rand_1                     0x08000163   Thumb Code     0  libinit2.o(.ARM.Collect$$libinit$$0000000E)
    __rt_lib_init_user_alloc_1               0x08000163   Thumb Code     0  libinit2.o(.ARM.Collect$$libinit$$0000000C)
    __rt_lib_init_lc_collate_1               0x08000169   Thumb Code     0  libinit2.o(.ARM.Collect$$libinit$$00000011)
    __rt_lib_init_lc_ctype_2                 0x08000169   Thumb Code     0  libinit2.o(.ARM.Collect$$libinit$$00000012)
    __rt_lib_init_alloca_1                   0x08000175   Thumb Code     0  libinit2.o(.ARM.Collect$$libinit$$0000002E)
    __rt_lib_init_argv_1                     0x08000175   Thumb Code     0  libinit2.o(.ARM.Collect$$libinit$$0000002C)
    __rt_lib_init_atexit_1                   0x08000175   Thumb Code     0  libinit2.o(.ARM.Collect$$libinit$$0000001B)
    __rt_lib_init_clock_1                    0x08000175   Thumb Code     0  libinit2.o(.ARM.Collect$$libinit$$00000021)
    __rt_lib_init_cpp_1                      0x08000175   Thumb Code     0  libinit2.o(.ARM.Collect$$libinit$$00000032)
    __rt_lib_init_exceptions_1               0x08000175   Thumb Code     0  libinit2.o(.ARM.Collect$$libinit$$00000030)
    __rt_lib_init_fp_trap_1                  0x08000175   Thumb Code     0  libinit2.o(.ARM.Collect$$libinit$$0000001F)
    __rt_lib_init_getenv_1                   0x08000175   Thumb Code     0  libinit2.o(.ARM.Collect$$libinit$$00000023)
    __rt_lib_init_lc_ctype_1                 0x08000175   Thumb Code     0  libinit2.o(.ARM.Collect$$libinit$$00000013)
    __rt_lib_init_lc_monetary_1              0x08000175   Thumb Code     0  libinit2.o(.ARM.Collect$$libinit$$00000015)
    __rt_lib_init_lc_numeric_1               0x08000175   Thumb Code     0  libinit2.o(.ARM.Collect$$libinit$$00000017)
    __rt_lib_init_lc_time_1                  0x08000175   Thumb Code     0  libinit2.o(.ARM.Collect$$libinit$$00000019)
    __rt_lib_init_return                     0x08000175   Thumb Code     0  libinit2.o(.ARM.Collect$$libinit$$00000033)
    __rt_lib_init_signal_1                   0x08000175   Thumb Code     0  libinit2.o(.ARM.Collect$$libinit$$0000001D)
    __rt_lib_init_stdio_1                    0x08000175   Thumb Code     0  libinit2.o(.ARM.Collect$$libinit$$00000025)
    __rt_lib_shutdown                        0x08000177   Thumb Code     0  libshutdown.o(.ARM.Collect$$libshutdown$$00000000)
    __rt_lib_shutdown_cpp_1                  0x08000179   Thumb Code     0  libshutdown2.o(.ARM.Collect$$libshutdown$$00000002)
    __rt_lib_shutdown_fp_trap_1              0x08000179   Thumb Code     0  libshutdown2.o(.ARM.Collect$$libshutdown$$00000007)
    __rt_lib_shutdown_heap_1                 0x08000179   Thumb Code     0  libshutdown2.o(.ARM.Collect$$libshutdown$$0000000F)
    __rt_lib_shutdown_return                 0x08000179   Thumb Code     0  libshutdown2.o(.ARM.Collect$$libshutdown$$00000010)
    __rt_lib_shutdown_signal_1               0x08000179   Thumb Code     0  libshutdown2.o(.ARM.Collect$$libshutdown$$0000000A)
    __rt_lib_shutdown_stdio_1                0x08000179   Thumb Code     0  libshutdown2.o(.ARM.Collect$$libshutdown$$00000004)
    __rt_lib_shutdown_user_alloc_1           0x08000179   Thumb Code     0  libshutdown2.o(.ARM.Collect$$libshutdown$$0000000C)
    __rt_entry                               0x0800017b   Thumb Code     0  __rtentry.o(.ARM.Collect$$rtentry$$00000000)
    __rt_entry_presh_1                       0x0800017b   Thumb Code     0  __rtentry2.o(.ARM.Collect$$rtentry$$00000002)
    __rt_entry_sh                            0x0800017b   Thumb Code     0  __rtentry4.o(.ARM.Collect$$rtentry$$00000004)
    __rt_entry_li                            0x08000181   Thumb Code     0  __rtentry2.o(.ARM.Collect$$rtentry$$0000000A)
    __rt_entry_postsh_1                      0x08000181   Thumb Code     0  __rtentry2.o(.ARM.Collect$$rtentry$$00000009)
    __rt_entry_main                          0x08000185   Thumb Code     0  __rtentry2.o(.ARM.Collect$$rtentry$$0000000D)
    __rt_entry_postli_1                      0x08000185   Thumb Code     0  __rtentry2.o(.ARM.Collect$$rtentry$$0000000C)
    __rt_exit                                0x0800018d   Thumb Code     0  rtexit.o(.ARM.Collect$$rtexit$$00000000)
    __rt_exit_ls                             0x0800018f   Thumb Code     0  rtexit2.o(.ARM.Collect$$rtexit$$00000003)
    __rt_exit_prels_1                        0x0800018f   Thumb Code     0  rtexit2.o(.ARM.Collect$$rtexit$$00000002)
    __rt_exit_exit                           0x08000193   Thumb Code     0  rtexit2.o(.ARM.Collect$$rtexit$$00000004)
    Reset_Handler                            0x08000199   Thumb Code     8  startup_stm32f10x_md.o(.text)
    ADC1_2_IRQHandler                        0x080001b3   Thumb Code     0  startup_stm32f10x_md.o(.text)
    CAN1_RX1_IRQHandler                      0x080001b3   Thumb Code     0  startup_stm32f10x_md.o(.text)
    CAN1_SCE_IRQHandler                      0x080001b3   Thumb Code     0  startup_stm32f10x_md.o(.text)
    DMA1_Channel1_IRQHandler                 0x080001b3   Thumb Code     0  startup_stm32f10x_md.o(.text)
    DMA1_Channel2_IRQHandler                 0x080001b3   Thumb Code     0  startup_stm32f10x_md.o(.text)
    DMA1_Channel3_IRQHandler                 0x080001b3   Thumb Code     0  startup_stm32f10x_md.o(.text)
    DMA1_Channel4_IRQHandler                 0x080001b3   Thumb Code     0  startup_stm32f10x_md.o(.text)
    DMA1_Channel5_IRQHandler                 0x080001b3   Thumb Code     0  startup_stm32f10x_md.o(.text)
    DMA1_Channel6_IRQHandler                 0x080001b3   Thumb Code     0  startup_stm32f10x_md.o(.text)
    DMA1_Channel7_IRQHandler                 0x080001b3   Thumb Code     0  startup_stm32f10x_md.o(.text)
    EXTI0_IRQHandler                         0x080001b3   Thumb Code     0  startup_stm32f10x_md.o(.text)
    EXTI15_10_IRQHandler                     0x080001b3   Thumb Code     0  startup_stm32f10x_md.o(.text)
    EXTI1_IRQHandler                         0x080001b3   Thumb Code     0  startup_stm32f10x_md.o(.text)
    EXTI2_IRQHandler                         0x080001b3   Thumb Code     0  startup_stm32f10x_md.o(.text)
    EXTI3_IRQHandler                         0x080001b3   Thumb Code     0  startup_stm32f10x_md.o(.text)
    EXTI4_IRQHandler                         0x080001b3   Thumb Code     0  startup_stm32f10x_md.o(.text)
    EXTI9_5_IRQHandler                       0x080001b3   Thumb Code     0  startup_stm32f10x_md.o(.text)
    FLASH_IRQHandler                         0x080001b3   Thumb Code     0  startup_stm32f10x_md.o(.text)
    I2C1_ER_IRQHandler                       0x080001b3   Thumb Code     0  startup_stm32f10x_md.o(.text)
    I2C1_EV_IRQHandler                       0x080001b3   Thumb Code     0  startup_stm32f10x_md.o(.text)
    I2C2_ER_IRQHandler                       0x080001b3   Thumb Code     0  startup_stm32f10x_md.o(.text)
    I2C2_EV_IRQHandler                       0x080001b3   Thumb Code     0  startup_stm32f10x_md.o(.text)
    PVD_IRQHandler                           0x080001b3   Thumb Code     0  startup_stm32f10x_md.o(.text)
    RCC_IRQHandler                           0x080001b3   Thumb Code     0  startup_stm32f10x_md.o(.text)
    RTCAlarm_IRQHandler                      0x080001b3   Thumb Code     0  startup_stm32f10x_md.o(.text)
    RTC_IRQHandler                           0x080001b3   Thumb Code     0  startup_stm32f10x_md.o(.text)
    SPI1_IRQHandler                          0x080001b3   Thumb Code     0  startup_stm32f10x_md.o(.text)
    SPI2_IRQHandler                          0x080001b3   Thumb Code     0  startup_stm32f10x_md.o(.text)
    TAMPER_IRQHandler                        0x080001b3   Thumb Code     0  startup_stm32f10x_md.o(.text)
    TIM1_BRK_IRQHandler                      0x080001b3   Thumb Code     0  startup_stm32f10x_md.o(.text)
    TIM1_CC_IRQHandler                       0x080001b3   Thumb Code     0  startup_stm32f10x_md.o(.text)
    TIM1_TRG_COM_IRQHandler                  0x080001b3   Thumb Code     0  startup_stm32f10x_md.o(.text)
    TIM1_UP_IRQHandler                       0x080001b3   Thumb Code     0  startup_stm32f10x_md.o(.text)
    TIM2_IRQHandler                          0x080001b3   Thumb Code     0  startup_stm32f10x_md.o(.text)
    TIM3_IRQHandler                          0x080001b3   Thumb Code     0  startup_stm32f10x_md.o(.text)
    USART1_IRQHandler                        0x080001b3   Thumb Code     0  startup_stm32f10x_md.o(.text)
    USART3_IRQHandler                        0x080001b3   Thumb Code     0  startup_stm32f10x_md.o(.text)
    USBWakeUp_IRQHandler                     0x080001b3   Thumb Code     0  startup_stm32f10x_md.o(.text)
    USB_HP_CAN1_TX_IRQHandler                0x080001b3   Thumb Code     0  startup_stm32f10x_md.o(.text)
    USB_LP_CAN1_RX0_IRQHandler               0x080001b3   Thumb Code     0  startup_stm32f10x_md.o(.text)
    WWDG_IRQHandler                          0x080001b3   Thumb Code     0  startup_stm32f10x_md.o(.text)
    __user_initial_stackheap                 0x080001b5   Thumb Code     0  startup_stm32f10x_md.o(.text)
    atoi                                     0x080001d9   Thumb Code    26  atoi.o(.text)
    strtok                                   0x080001f5   Thumb Code     6  strtok.o(.text)
    strcpy                                   0x08000201   Thumb Code    72  strcpy.o(.text)
    strlen                                   0x08000249   Thumb Code    62  strlen.o(.text)
    __aeabi_memcpy                           0x08000287   Thumb Code     0  rt_memcpy_v6.o(.text)
    __rt_memcpy                              0x08000287   Thumb Code   138  rt_memcpy_v6.o(.text)
    _memcpy_lastbytes                        0x080002ed   Thumb Code     0  rt_memcpy_v6.o(.text)
    __aeabi_memclr                           0x08000311   Thumb Code     0  rt_memclr.o(.text)
    __rt_memclr                              0x08000311   Thumb Code    68  rt_memclr.o(.text)
    _memset                                  0x08000315   Thumb Code     0  rt_memclr.o(.text)
    __aeabi_memclr4                          0x08000355   Thumb Code     0  rt_memclr_w.o(.text)
    __aeabi_memclr8                          0x08000355   Thumb Code     0  rt_memclr_w.o(.text)
    __rt_memclr_w                            0x08000355   Thumb Code    78  rt_memclr_w.o(.text)
    _memset_w                                0x08000359   Thumb Code     0  rt_memclr_w.o(.text)
    strncpy                                  0x080003a3   Thumb Code    86  strncpy.o(.text)
    __use_two_region_memory                  0x080003f9   Thumb Code     2  heapauxi.o(.text)
    __rt_heap_escrow$2region                 0x080003fb   Thumb Code     2  heapauxi.o(.text)
    __rt_heap_expand$2region                 0x080003fd   Thumb Code     2  heapauxi.o(.text)
    __aeabi_errno_addr                       0x08000401   Thumb Code     8  rt_errno_addr_intlibspace.o(.text)
    __errno$intlibspace                      0x08000401   Thumb Code     0  rt_errno_addr_intlibspace.o(.text)
    __rt_errno_addr$intlibspace              0x08000401   Thumb Code     0  rt_errno_addr_intlibspace.o(.text)
    strtol                                   0x08000409   Thumb Code   112  strtol.o(.text)
    __strtok_internal                        0x08000479   Thumb Code    64  strtok_int.o(.text)
    __aeabi_memcpy4                          0x080004bd   Thumb Code     0  rt_memcpy_w.o(.text)
    __aeabi_memcpy8                          0x080004bd   Thumb Code     0  rt_memcpy_w.o(.text)
    __rt_memcpy_w                            0x080004bd   Thumb Code   100  rt_memcpy_w.o(.text)
    _memcpy_lastbytes_aligned                0x08000505   Thumb Code     0  rt_memcpy_w.o(.text)
    __user_libspace                          0x08000521   Thumb Code     8  libspace.o(.text)
    __user_perproc_libspace                  0x08000521   Thumb Code     0  libspace.o(.text)
    __user_perthread_libspace                0x08000521   Thumb Code     0  libspace.o(.text)
    __rt_ctype_table                         0x08000529   Thumb Code    16  rt_ctype_table.o(.text)
    _strtoul                                 0x08000539   Thumb Code   158  _strtoul.o(.text)
    strcspn                                  0x080005d7   Thumb Code    32  strcspn.o(.text)
    strspn                                   0x080005f7   Thumb Code    28  strspn.o(.text)
    __user_setup_stackheap                   0x08000613   Thumb Code    74  sys_stackheap_outer.o(.text)
    __rt_locale                              0x0800065d   Thumb Code     8  rt_locale_intlibspace.o(.text)
    _chval                                   0x08000665   Thumb Code    28  _chval.o(.text)
    exit                                     0x08000681   Thumb Code    18  exit.o(.text)
    strcmp                                   0x08000695   Thumb Code   128  strcmpv7m.o(.text)
    _sys_exit                                0x08000715   Thumb Code     8  sys_exit.o(.text)
    __I$use$semihosting                      0x08000721   Thumb Code     0  use_no_semi.o(.text)
    __use_no_semihosting_swi                 0x08000721   Thumb Code     2  use_no_semi.o(.text)
    BusFault_Handler                         0x08000723   Thumb Code     4  stm32f10x_it.o(i.BusFault_Handler)
    __semihosting_library_function           0x08000723   Thumb Code     0  indicate_semi.o(.text)
    DebugMon_Handler                         0x0800089d   Thumb Code     2  stm32f10x_it.o(i.DebugMon_Handler)
    Delay_ms                                 0x0800089f   Thumb Code    24  delay.o(i.Delay_ms)
    Delay_us                                 0x080008b7   Thumb Code    46  delay.o(i.Delay_us)
    Encoder_Left_Get                         0x080008e5   Thumb Code    22  encoder_left.o(i.Encoder_Left_Get)
    Encoder_Left_Init                        0x08000901   Thumb Code   154  encoder_left.o(i.Encoder_Left_Init)
    Encoder_Right_Get                        0x080009a5   Thumb Code    22  encoder_right.o(i.Encoder_Right_Get)
    Encoder_Right_Init                       0x080009c1   Thumb Code   154  encoder_right.o(i.Encoder_Right_Init)
    GPIO_Init                                0x08000a65   Thumb Code   278  stm32f10x_gpio.o(i.GPIO_Init)
    GPIO_ReadInputDataBit                    0x08000b7b   Thumb Code    18  stm32f10x_gpio.o(i.GPIO_ReadInputDataBit)
    GPIO_ResetBits                           0x08000b8d   Thumb Code     4  stm32f10x_gpio.o(i.GPIO_ResetBits)
    GPIO_SetBits                             0x08000b91   Thumb Code     4  stm32f10x_gpio.o(i.GPIO_SetBits)
    GPIO_WriteBit                            0x08000b95   Thumb Code    10  stm32f10x_gpio.o(i.GPIO_WriteBit)
    Get_Left_Real                            0x08000ba1   Thumb Code     6  control.o(i.Get_Left_Real)
    Get_Right_Real                           0x08000bad   Thumb Code     6  control.o(i.Get_Right_Real)
    Get_Target                               0x08000bb9   Thumb Code     6  control.o(i.Get_Target)
    HardFault_Handler                        0x08000bc5   Thumb Code     4  stm32f10x_it.o(i.HardFault_Handler)
    IR_GetDigitalByte                        0x08000bc9   Thumb Code    30  ir_sensor.o(i.IR_GetDigitalByte)
    IR_Init                                  0x08000bed   Thumb Code   176  ir_sensor.o(i.IR_Init)
    IR_IsDataReady                           0x08000ca5   Thumb Code    14  ir_sensor.o(i.IR_IsDataReady)
    IR_ProcessNewData                        0x08000cb9   Thumb Code    46  ir_sensor.o(i.IR_ProcessNewData)
    IR_RequestMode                           0x08000cf5   Thumb Code    20  ir_sensor.o(i.IR_RequestMode)
    MemManage_Handler                        0x08000d09   Thumb Code     4  stm32f10x_it.o(i.MemManage_Handler)
    Motor_Init                               0x08000d0d   Thumb Code    44  motor.o(i.Motor_Init)
    NMI_Handler                              0x08000d3d   Thumb Code     2  stm32f10x_it.o(i.NMI_Handler)
    NVIC_Init                                0x08000d41   Thumb Code   100  misc.o(i.NVIC_Init)
    NVIC_PriorityGroupConfig                 0x08000db1   Thumb Code    10  misc.o(i.NVIC_PriorityGroupConfig)
    OLED_Clear                               0x08000dc5   Thumb Code    42  oled.o(i.OLED_Clear)
    OLED_I2C_Init                            0x08000df1   Thumb Code    76  oled.o(i.OLED_I2C_Init)
    OLED_I2C_SendByte                        0x08000e41   Thumb Code    88  oled.o(i.OLED_I2C_SendByte)
    OLED_I2C_Start                           0x08000e9d   Thumb Code    48  oled.o(i.OLED_I2C_Start)
    OLED_I2C_Stop                            0x08000ed1   Thumb Code    36  oled.o(i.OLED_I2C_Stop)
    OLED_Init                                0x08000ef9   Thumb Code   174  oled.o(i.OLED_Init)
    OLED_Pow                                 0x08000fa7   Thumb Code    20  oled.o(i.OLED_Pow)
    OLED_SetCursor                           0x08000fbb   Thumb Code    34  oled.o(i.OLED_SetCursor)
    OLED_ShowBinary8                         0x08000fdd   Thumb Code    44  oled_showbinary.o(i.OLED_ShowBinary8)
    OLED_ShowChar                            0x08001009   Thumb Code   110  oled.o(i.OLED_ShowChar)
    OLED_ShowSignedNum                       0x0800107d   Thumb Code   102  oled.o(i.OLED_ShowSignedNum)
    OLED_ShowString                          0x080010e3   Thumb Code    40  oled.o(i.OLED_ShowString)
    OLED_WriteCommand                        0x0800110b   Thumb Code    32  oled.o(i.OLED_WriteCommand)
    OLED_WriteData                           0x0800112b   Thumb Code    32  oled.o(i.OLED_WriteData)
    PWM_Set_Compare_PWM1                     0x0800114b   Thumb Code    16  pwm.o(i.PWM_Set_Compare_PWM1)
    PWM_Set_Compare_PWM2                     0x0800115b   Thumb Code    16  pwm.o(i.PWM_Set_Compare_PWM2)
    PendSV_Handler                           0x0800116b   Thumb Code     2  stm32f10x_it.o(i.PendSV_Handler)
    Pwm_Init                                 0x0800116d   Thumb Code   180  pwm.o(i.Pwm_Init)
    RCC_APB1PeriphClockCmd                   0x08001225   Thumb Code    26  stm32f10x_rcc.o(i.RCC_APB1PeriphClockCmd)
    RCC_APB2PeriphClockCmd                   0x08001245   Thumb Code    26  stm32f10x_rcc.o(i.RCC_APB2PeriphClockCmd)
    RCC_GetClocksFreq                        0x08001265   Thumb Code   192  stm32f10x_rcc.o(i.RCC_GetClocksFreq)
    SVC_Handler                              0x08001339   Thumb Code     2  stm32f10x_it.o(i.SVC_Handler)
    Set_Left_Speed                           0x08001425   Thumb Code    44  motor.o(i.Set_Left_Speed)
    Set_Right_Speed                          0x08001455   Thumb Code    52  motor.o(i.Set_Right_Speed)
    SysTick_Handler                          0x0800148d   Thumb Code     2  stm32f10x_it.o(i.SysTick_Handler)
    SystemInit                               0x08001491   Thumb Code    78  system_stm32f10x.o(i.SystemInit)
    TIM4_IRQHandler                          0x08001731   Thumb Code   392  control.o(i.TIM4_IRQHandler)
    TIM_ClearFlag                            0x080018dd   Thumb Code     6  stm32f10x_tim.o(i.TIM_ClearFlag)
    TIM_ClearITPendingBit                    0x080018e3   Thumb Code     6  stm32f10x_tim.o(i.TIM_ClearITPendingBit)
    TIM_Cmd                                  0x080018e9   Thumb Code    24  stm32f10x_tim.o(i.TIM_Cmd)
    TIM_EncoderInterfaceConfig               0x08001901   Thumb Code    66  stm32f10x_tim.o(i.TIM_EncoderInterfaceConfig)
    TIM_GetCounter                           0x08001943   Thumb Code     6  stm32f10x_tim.o(i.TIM_GetCounter)
    TIM_GetITStatus                          0x08001949   Thumb Code    34  stm32f10x_tim.o(i.TIM_GetITStatus)
    TIM_ICInit                               0x0800196d   Thumb Code   150  stm32f10x_tim.o(i.TIM_ICInit)
    TIM_ICStructInit                         0x08001a19   Thumb Code    18  stm32f10x_tim.o(i.TIM_ICStructInit)
    TIM_ITConfig                             0x08001a2b   Thumb Code    18  stm32f10x_tim.o(i.TIM_ITConfig)
    TIM_InternalClockConfig                  0x08001a3d   Thumb Code    12  stm32f10x_tim.o(i.TIM_InternalClockConfig)
    TIM_OC1Init                              0x08001a49   Thumb Code   132  stm32f10x_tim.o(i.TIM_OC1Init)
    TIM_OC2Init                              0x08001ae1   Thumb Code   154  stm32f10x_tim.o(i.TIM_OC2Init)
    TIM_OCStructInit                         0x08001b85   Thumb Code    20  stm32f10x_tim.o(i.TIM_OCStructInit)
    TIM_SetCompare1                          0x08001b99   Thumb Code     4  stm32f10x_tim.o(i.TIM_SetCompare1)
    TIM_SetCompare2                          0x08001b9d   Thumb Code     4  stm32f10x_tim.o(i.TIM_SetCompare2)
    TIM_SetCounter                           0x08001ba1   Thumb Code     4  stm32f10x_tim.o(i.TIM_SetCounter)
    TIM_SetIC1Prescaler                      0x08001ba5   Thumb Code    18  stm32f10x_tim.o(i.TIM_SetIC1Prescaler)
    TIM_SetIC2Prescaler                      0x08001bb7   Thumb Code    26  stm32f10x_tim.o(i.TIM_SetIC2Prescaler)
    TIM_SetIC3Prescaler                      0x08001bd1   Thumb Code    18  stm32f10x_tim.o(i.TIM_SetIC3Prescaler)
    TIM_SetIC4Prescaler                      0x08001be3   Thumb Code    26  stm32f10x_tim.o(i.TIM_SetIC4Prescaler)
    TIM_TimeBaseInit                         0x08001bfd   Thumb Code   122  stm32f10x_tim.o(i.TIM_TimeBaseInit)
    Target_Update                            0x08001ca1   Thumb Code    38  control.o(i.Target_Update)
    Timer_Init                               0x08001ccd   Thumb Code   122  timer.o(i.Timer_Init)
    USART2_IRQHandler                        0x08001d4d   Thumb Code    40  ir_sensor.o(i.USART2_IRQHandler)
    USART_ClearITPendingBit                  0x08001db5   Thumb Code    30  stm32f10x_usart.o(i.USART_ClearITPendingBit)
    USART_Cmd                                0x08001dd3   Thumb Code    24  stm32f10x_usart.o(i.USART_Cmd)
    USART_GetFlagStatus                      0x08001deb   Thumb Code    26  stm32f10x_usart.o(i.USART_GetFlagStatus)
    USART_GetITStatus                        0x08001e05   Thumb Code    84  stm32f10x_usart.o(i.USART_GetITStatus)
    USART_ITConfig                           0x08001e59   Thumb Code    74  stm32f10x_usart.o(i.USART_ITConfig)
    USART_Init                               0x08001ea5   Thumb Code   210  stm32f10x_usart.o(i.USART_Init)
    USART_ReceiveData                        0x08001f7d   Thumb Code    10  stm32f10x_usart.o(i.USART_ReceiveData)
    USART_SendData                           0x08001f87   Thumb Code     8  stm32f10x_usart.o(i.USART_SendData)
    UsageFault_Handler                       0x08001f8f   Thumb Code     4  stm32f10x_it.o(i.UsageFault_Handler)
    key_GetNum                               0x08001f95   Thumb Code    88  key.o(i.key_GetNum)
    key_Init                                 0x08001ff1   Thumb Code    40  key.o(i.key_Init)
    main                                     0x0800201d   Thumb Code   184  main.o(i.main)
    _get_lc_ctype                            0x080021a9   Thumb Code    44  lc_ctype_c.o(locale$$code)
    OLED_F8x16                               0x080021d4   Data        1520  oled.o(.constdata)
    Region$$Table$$Base                      0x080027c4   Number         0  anon$$obj.o(Region$$Table)
    Region$$Table$$Limit                     0x080027e4   Number         0  anon$$obj.o(Region$$Table)
    __ctype                                  0x080027f1   Data           0  lc_ctype_c.o(locale$$data)
    __libspace_start                         0x20000118   Data          96  libspace.o(.bss)
    __temporary_stack_top$libspace           0x20000178   Data           0  libspace.o(.bss)



==============================================================================

Memory Map of the image

  Image Entry point : 0x080000ed

  Load Region LR_IROM1 (Base: 0x08000000, Size: 0x00002934, Max: 0x00010000, ABSOLUTE)

    Execution Region ER_IROM1 (Exec base: 0x08000000, Load base: 0x08000000, Size: 0x000028f4, Max: 0x00010000, ABSOLUTE)

    Exec Addr    Load Addr    Size         Type   Attr      Idx    E Section Name        Object

    0x08000000   0x08000000   0x000000ec   Data   RO            3    RESET               startup_stm32f10x_md.o
    0x080000ec   0x080000ec   0x00000008   Code   RO         3782  * !!!main             c_w.l(__main.o)
    0x080000f4   0x080000f4   0x00000034   Code   RO         3970    !!!scatter          c_w.l(__scatter.o)
    0x08000128   0x08000128   0x0000001a   Code   RO         3972    !!handler_copy      c_w.l(__scatter_copy.o)
    0x08000142   0x08000142   0x00000002   PAD
    0x08000144   0x08000144   0x0000001c   Code   RO         3974    !!handler_zi        c_w.l(__scatter_zi.o)
    0x08000160   0x08000160   0x00000002   Code   RO         3841    .ARM.Collect$$libinit$$00000000  c_w.l(libinit.o)
    0x08000162   0x08000162   0x00000000   Code   RO         3847    .ARM.Collect$$libinit$$00000002  c_w.l(libinit2.o)
    0x08000162   0x08000162   0x00000000   Code   RO         3849    .ARM.Collect$$libinit$$00000004  c_w.l(libinit2.o)
    0x08000162   0x08000162   0x00000000   Code   RO         3852    .ARM.Collect$$libinit$$0000000A  c_w.l(libinit2.o)
    0x08000162   0x08000162   0x00000000   Code   RO         3854    .ARM.Collect$$libinit$$0000000C  c_w.l(libinit2.o)
    0x08000162   0x08000162   0x00000000   Code   RO         3856    .ARM.Collect$$libinit$$0000000E  c_w.l(libinit2.o)
    0x08000162   0x08000162   0x00000006   Code   RO         3857    .ARM.Collect$$libinit$$0000000F  c_w.l(libinit2.o)
    0x08000168   0x08000168   0x00000000   Code   RO         3859    .ARM.Collect$$libinit$$00000011  c_w.l(libinit2.o)
    0x08000168   0x08000168   0x0000000c   Code   RO         3860    .ARM.Collect$$libinit$$00000012  c_w.l(libinit2.o)
    0x08000174   0x08000174   0x00000000   Code   RO         3861    .ARM.Collect$$libinit$$00000013  c_w.l(libinit2.o)
    0x08000174   0x08000174   0x00000000   Code   RO         3863    .ARM.Collect$$libinit$$00000015  c_w.l(libinit2.o)
    0x08000174   0x08000174   0x00000000   Code   RO         3865    .ARM.Collect$$libinit$$00000017  c_w.l(libinit2.o)
    0x08000174   0x08000174   0x00000000   Code   RO         3867    .ARM.Collect$$libinit$$00000019  c_w.l(libinit2.o)
    0x08000174   0x08000174   0x00000000   Code   RO         3869    .ARM.Collect$$libinit$$0000001B  c_w.l(libinit2.o)
    0x08000174   0x08000174   0x00000000   Code   RO         3871    .ARM.Collect$$libinit$$0000001D  c_w.l(libinit2.o)
    0x08000174   0x08000174   0x00000000   Code   RO         3873    .ARM.Collect$$libinit$$0000001F  c_w.l(libinit2.o)
    0x08000174   0x08000174   0x00000000   Code   RO         3875    .ARM.Collect$$libinit$$00000021  c_w.l(libinit2.o)
    0x08000174   0x08000174   0x00000000   Code   RO         3877    .ARM.Collect$$libinit$$00000023  c_w.l(libinit2.o)
    0x08000174   0x08000174   0x00000000   Code   RO         3879    .ARM.Collect$$libinit$$00000025  c_w.l(libinit2.o)
    0x08000174   0x08000174   0x00000000   Code   RO         3883    .ARM.Collect$$libinit$$0000002C  c_w.l(libinit2.o)
    0x08000174   0x08000174   0x00000000   Code   RO         3885    .ARM.Collect$$libinit$$0000002E  c_w.l(libinit2.o)
    0x08000174   0x08000174   0x00000000   Code   RO         3887    .ARM.Collect$$libinit$$00000030  c_w.l(libinit2.o)
    0x08000174   0x08000174   0x00000000   Code   RO         3889    .ARM.Collect$$libinit$$00000032  c_w.l(libinit2.o)
    0x08000174   0x08000174   0x00000002   Code   RO         3890    .ARM.Collect$$libinit$$00000033  c_w.l(libinit2.o)
    0x08000176   0x08000176   0x00000002   Code   RO         3910    .ARM.Collect$$libshutdown$$00000000  c_w.l(libshutdown.o)
    0x08000178   0x08000178   0x00000000   Code   RO         3923    .ARM.Collect$$libshutdown$$00000002  c_w.l(libshutdown2.o)
    0x08000178   0x08000178   0x00000000   Code   RO         3925    .ARM.Collect$$libshutdown$$00000004  c_w.l(libshutdown2.o)
    0x08000178   0x08000178   0x00000000   Code   RO         3928    .ARM.Collect$$libshutdown$$00000007  c_w.l(libshutdown2.o)
    0x08000178   0x08000178   0x00000000   Code   RO         3931    .ARM.Collect$$libshutdown$$0000000A  c_w.l(libshutdown2.o)
    0x08000178   0x08000178   0x00000000   Code   RO         3933    .ARM.Collect$$libshutdown$$0000000C  c_w.l(libshutdown2.o)
    0x08000178   0x08000178   0x00000000   Code   RO         3936    .ARM.Collect$$libshutdown$$0000000F  c_w.l(libshutdown2.o)
    0x08000178   0x08000178   0x00000002   Code   RO         3937    .ARM.Collect$$libshutdown$$00000010  c_w.l(libshutdown2.o)
    0x0800017a   0x0800017a   0x00000000   Code   RO         3784    .ARM.Collect$$rtentry$$00000000  c_w.l(__rtentry.o)
    0x0800017a   0x0800017a   0x00000000   Code   RO         3800    .ARM.Collect$$rtentry$$00000002  c_w.l(__rtentry2.o)
    0x0800017a   0x0800017a   0x00000006   Code   RO         3812    .ARM.Collect$$rtentry$$00000004  c_w.l(__rtentry4.o)
    0x08000180   0x08000180   0x00000000   Code   RO         3802    .ARM.Collect$$rtentry$$00000009  c_w.l(__rtentry2.o)
    0x08000180   0x08000180   0x00000004   Code   RO         3803    .ARM.Collect$$rtentry$$0000000A  c_w.l(__rtentry2.o)
    0x08000184   0x08000184   0x00000000   Code   RO         3805    .ARM.Collect$$rtentry$$0000000C  c_w.l(__rtentry2.o)
    0x08000184   0x08000184   0x00000008   Code   RO         3806    .ARM.Collect$$rtentry$$0000000D  c_w.l(__rtentry2.o)
    0x0800018c   0x0800018c   0x00000002   Code   RO         3842    .ARM.Collect$$rtexit$$00000000  c_w.l(rtexit.o)
    0x0800018e   0x0800018e   0x00000000   Code   RO         3892    .ARM.Collect$$rtexit$$00000002  c_w.l(rtexit2.o)
    0x0800018e   0x0800018e   0x00000004   Code   RO         3893    .ARM.Collect$$rtexit$$00000003  c_w.l(rtexit2.o)
    0x08000192   0x08000192   0x00000006   Code   RO         3894    .ARM.Collect$$rtexit$$00000004  c_w.l(rtexit2.o)
    0x08000198   0x08000198   0x00000040   Code   RO            4    .text               startup_stm32f10x_md.o
    0x080001d8   0x080001d8   0x0000001a   Code   RO         3763    .text               c_w.l(atoi.o)
    0x080001f2   0x080001f2   0x00000002   PAD
    0x080001f4   0x080001f4   0x0000000c   Code   RO         3765    .text               c_w.l(strtok.o)
    0x08000200   0x08000200   0x00000048   Code   RO         3768    .text               c_w.l(strcpy.o)
    0x08000248   0x08000248   0x0000003e   Code   RO         3770    .text               c_w.l(strlen.o)
    0x08000286   0x08000286   0x0000008a   Code   RO         3772    .text               c_w.l(rt_memcpy_v6.o)
    0x08000310   0x08000310   0x00000044   Code   RO         3774    .text               c_w.l(rt_memclr.o)
    0x08000354   0x08000354   0x0000004e   Code   RO         3776    .text               c_w.l(rt_memclr_w.o)
    0x080003a2   0x080003a2   0x00000056   Code   RO         3778    .text               c_w.l(strncpy.o)
    0x080003f8   0x080003f8   0x00000006   Code   RO         3780    .text               c_w.l(heapauxi.o)
    0x080003fe   0x080003fe   0x00000002   PAD
    0x08000400   0x08000400   0x00000008   Code   RO         3788    .text               c_w.l(rt_errno_addr_intlibspace.o)
    0x08000408   0x08000408   0x00000070   Code   RO         3790    .text               c_w.l(strtol.o)
    0x08000478   0x08000478   0x00000044   Code   RO         3792    .text               c_w.l(strtok_int.o)
    0x080004bc   0x080004bc   0x00000064   Code   RO         3794    .text               c_w.l(rt_memcpy_w.o)
    0x08000520   0x08000520   0x00000008   Code   RO         3796    .text               c_w.l(libspace.o)
    0x08000528   0x08000528   0x00000010   Code   RO         3814    .text               c_w.l(rt_ctype_table.o)
    0x08000538   0x08000538   0x0000009e   Code   RO         3816    .text               c_w.l(_strtoul.o)
    0x080005d6   0x080005d6   0x00000020   Code   RO         3818    .text               c_w.l(strcspn.o)
    0x080005f6   0x080005f6   0x0000001c   Code   RO         3820    .text               c_w.l(strspn.o)
    0x08000612   0x08000612   0x0000004a   Code   RO         3822    .text               c_w.l(sys_stackheap_outer.o)
    0x0800065c   0x0800065c   0x00000008   Code   RO         3827    .text               c_w.l(rt_locale_intlibspace.o)
    0x08000664   0x08000664   0x0000001c   Code   RO         3829    .text               c_w.l(_chval.o)
    0x08000680   0x08000680   0x00000012   Code   RO         3834    .text               c_w.l(exit.o)
    0x08000692   0x08000692   0x00000002   PAD
    0x08000694   0x08000694   0x00000080   Code   RO         3844    .text               c_w.l(strcmpv7m.o)
    0x08000714   0x08000714   0x0000000c   Code   RO         3902    .text               c_w.l(sys_exit.o)
    0x08000720   0x08000720   0x00000002   Code   RO         3913    .text               c_w.l(use_no_semi.o)
    0x08000722   0x08000722   0x00000000   Code   RO         3915    .text               c_w.l(indicate_semi.o)
    0x08000722   0x08000722   0x00000004   Code   RO         3683    i.BusFault_Handler  stm32f10x_it.o
    0x08000726   0x08000726   0x00000002   PAD
    0x08000728   0x08000728   0x00000094   Code   RO         3496    i.Deal_IR_Usart     ir_sensor.o
    0x080007bc   0x080007bc   0x000000a4   Code   RO         3497    i.Deal_Usart_AData  ir_sensor.o
    0x08000860   0x08000860   0x0000003c   Code   RO         3498    i.Deal_Usart_Data   ir_sensor.o
    0x0800089c   0x0800089c   0x00000002   Code   RO         3684    i.DebugMon_Handler  stm32f10x_it.o
    0x0800089e   0x0800089e   0x00000018   Code   RO         3196    i.Delay_ms          delay.o
    0x080008b6   0x080008b6   0x0000002e   Code   RO         3198    i.Delay_us          delay.o
    0x080008e4   0x080008e4   0x0000001c   Code   RO         3460    i.Encoder_Left_Get  encoder_left.o
    0x08000900   0x08000900   0x000000a4   Code   RO         3461    i.Encoder_Left_Init  encoder_left.o
    0x080009a4   0x080009a4   0x0000001c   Code   RO         3478    i.Encoder_Right_Get  encoder_right.o
    0x080009c0   0x080009c0   0x000000a4   Code   RO         3479    i.Encoder_Right_Init  encoder_right.o
    0x08000a64   0x08000a64   0x00000116   Code   RO         1347    i.GPIO_Init         stm32f10x_gpio.o
    0x08000b7a   0x08000b7a   0x00000012   Code   RO         1351    i.GPIO_ReadInputDataBit  stm32f10x_gpio.o
    0x08000b8c   0x08000b8c   0x00000004   Code   RO         1354    i.GPIO_ResetBits    stm32f10x_gpio.o
    0x08000b90   0x08000b90   0x00000004   Code   RO         1355    i.GPIO_SetBits      stm32f10x_gpio.o
    0x08000b94   0x08000b94   0x0000000a   Code   RO         1358    i.GPIO_WriteBit     stm32f10x_gpio.o
    0x08000b9e   0x08000b9e   0x00000002   PAD
    0x08000ba0   0x08000ba0   0x0000000c   Code   RO         3639    i.Get_Left_Real     control.o
    0x08000bac   0x08000bac   0x0000000c   Code   RO         3640    i.Get_Right_Real    control.o
    0x08000bb8   0x08000bb8   0x0000000c   Code   RO         3641    i.Get_Target        control.o
    0x08000bc4   0x08000bc4   0x00000004   Code   RO         3685    i.HardFault_Handler  stm32f10x_it.o
    0x08000bc8   0x08000bc8   0x00000024   Code   RO         3499    i.IR_GetDigitalByte  ir_sensor.o
    0x08000bec   0x08000bec   0x000000b8   Code   RO         3500    i.IR_Init           ir_sensor.o
    0x08000ca4   0x08000ca4   0x00000014   Code   RO         3501    i.IR_IsDataReady    ir_sensor.o
    0x08000cb8   0x08000cb8   0x0000003c   Code   RO         3502    i.IR_ProcessNewData  ir_sensor.o
    0x08000cf4   0x08000cf4   0x00000014   Code   RO         3505    i.IR_RequestMode    ir_sensor.o
    0x08000d08   0x08000d08   0x00000004   Code   RO         3686    i.MemManage_Handler  stm32f10x_it.o
    0x08000d0c   0x08000d0c   0x00000030   Code   RO         3409    i.Motor_Init        motor.o
    0x08000d3c   0x08000d3c   0x00000002   Code   RO         3687    i.NMI_Handler       stm32f10x_it.o
    0x08000d3e   0x08000d3e   0x00000002   PAD
    0x08000d40   0x08000d40   0x00000070   Code   RO          137    i.NVIC_Init         misc.o
    0x08000db0   0x08000db0   0x00000014   Code   RO          138    i.NVIC_PriorityGroupConfig  misc.o
    0x08000dc4   0x08000dc4   0x0000002a   Code   RO         3301    i.OLED_Clear        oled.o
    0x08000dee   0x08000dee   0x00000002   PAD
    0x08000df0   0x08000df0   0x00000050   Code   RO         3302    i.OLED_I2C_Init     oled.o
    0x08000e40   0x08000e40   0x0000005c   Code   RO         3303    i.OLED_I2C_SendByte  oled.o
    0x08000e9c   0x08000e9c   0x00000034   Code   RO         3304    i.OLED_I2C_Start    oled.o
    0x08000ed0   0x08000ed0   0x00000028   Code   RO         3305    i.OLED_I2C_Stop     oled.o
    0x08000ef8   0x08000ef8   0x000000ae   Code   RO         3306    i.OLED_Init         oled.o
    0x08000fa6   0x08000fa6   0x00000014   Code   RO         3307    i.OLED_Pow          oled.o
    0x08000fba   0x08000fba   0x00000022   Code   RO         3308    i.OLED_SetCursor    oled.o
    0x08000fdc   0x08000fdc   0x0000002c   Code   RO         3746    i.OLED_ShowBinary8  oled_showbinary.o
    0x08001008   0x08001008   0x00000074   Code   RO         3310    i.OLED_ShowChar     oled.o
    0x0800107c   0x0800107c   0x00000066   Code   RO         3313    i.OLED_ShowSignedNum  oled.o
    0x080010e2   0x080010e2   0x00000028   Code   RO         3314    i.OLED_ShowString   oled.o
    0x0800110a   0x0800110a   0x00000020   Code   RO         3315    i.OLED_WriteCommand  oled.o
    0x0800112a   0x0800112a   0x00000020   Code   RO         3316    i.OLED_WriteData    oled.o
    0x0800114a   0x0800114a   0x00000010   Code   RO         3436    i.PWM_Set_Compare_PWM1  pwm.o
    0x0800115a   0x0800115a   0x00000010   Code   RO         3437    i.PWM_Set_Compare_PWM2  pwm.o
    0x0800116a   0x0800116a   0x00000002   Code   RO         3688    i.PendSV_Handler    stm32f10x_it.o
    0x0800116c   0x0800116c   0x000000b8   Code   RO         3438    i.Pwm_Init          pwm.o
    0x08001224   0x08001224   0x00000020   Code   RO         1775    i.RCC_APB1PeriphClockCmd  stm32f10x_rcc.o
    0x08001244   0x08001244   0x00000020   Code   RO         1777    i.RCC_APB2PeriphClockCmd  stm32f10x_rcc.o
    0x08001264   0x08001264   0x000000d4   Code   RO         1785    i.RCC_GetClocksFreq  stm32f10x_rcc.o
    0x08001338   0x08001338   0x00000002   Code   RO         3689    i.SVC_Handler       stm32f10x_it.o
    0x0800133a   0x0800133a   0x00000008   Code   RO           24    i.SetSysClock       system_stm32f10x.o
    0x08001342   0x08001342   0x00000002   PAD
    0x08001344   0x08001344   0x000000e0   Code   RO           25    i.SetSysClockTo72   system_stm32f10x.o
    0x08001424   0x08001424   0x00000030   Code   RO         3410    i.Set_Left_Speed    motor.o
    0x08001454   0x08001454   0x00000038   Code   RO         3411    i.Set_Right_Speed   motor.o
    0x0800148c   0x0800148c   0x00000002   Code   RO         3690    i.SysTick_Handler   stm32f10x_it.o
    0x0800148e   0x0800148e   0x00000002   PAD
    0x08001490   0x08001490   0x00000060   Code   RO           27    i.SystemInit        system_stm32f10x.o
    0x080014f0   0x080014f0   0x00000080   Code   RO         2405    i.TI1_Config        stm32f10x_tim.o
    0x08001570   0x08001570   0x00000098   Code   RO         2406    i.TI2_Config        stm32f10x_tim.o
    0x08001608   0x08001608   0x00000090   Code   RO         2407    i.TI3_Config        stm32f10x_tim.o
    0x08001698   0x08001698   0x00000098   Code   RO         2408    i.TI4_Config        stm32f10x_tim.o
    0x08001730   0x08001730   0x000001ac   Code   RO         3642    i.TIM4_IRQHandler   control.o
    0x080018dc   0x080018dc   0x00000006   Code   RO         2415    i.TIM_ClearFlag     stm32f10x_tim.o
    0x080018e2   0x080018e2   0x00000006   Code   RO         2416    i.TIM_ClearITPendingBit  stm32f10x_tim.o
    0x080018e8   0x080018e8   0x00000018   Code   RO         2421    i.TIM_Cmd           stm32f10x_tim.o
    0x08001900   0x08001900   0x00000042   Code   RO         2430    i.TIM_EncoderInterfaceConfig  stm32f10x_tim.o
    0x08001942   0x08001942   0x00000006   Code   RO         2440    i.TIM_GetCounter    stm32f10x_tim.o
    0x08001948   0x08001948   0x00000022   Code   RO         2442    i.TIM_GetITStatus   stm32f10x_tim.o
    0x0800196a   0x0800196a   0x00000002   PAD
    0x0800196c   0x0800196c   0x000000ac   Code   RO         2444    i.TIM_ICInit        stm32f10x_tim.o
    0x08001a18   0x08001a18   0x00000012   Code   RO         2445    i.TIM_ICStructInit  stm32f10x_tim.o
    0x08001a2a   0x08001a2a   0x00000012   Code   RO         2446    i.TIM_ITConfig      stm32f10x_tim.o
    0x08001a3c   0x08001a3c   0x0000000c   Code   RO         2448    i.TIM_InternalClockConfig  stm32f10x_tim.o
    0x08001a48   0x08001a48   0x00000098   Code   RO         2450    i.TIM_OC1Init       stm32f10x_tim.o
    0x08001ae0   0x08001ae0   0x000000a4   Code   RO         2455    i.TIM_OC2Init       stm32f10x_tim.o
    0x08001b84   0x08001b84   0x00000014   Code   RO         2468    i.TIM_OCStructInit  stm32f10x_tim.o
    0x08001b98   0x08001b98   0x00000004   Code   RO         2482    i.TIM_SetCompare1   stm32f10x_tim.o
    0x08001b9c   0x08001b9c   0x00000004   Code   RO         2483    i.TIM_SetCompare2   stm32f10x_tim.o
    0x08001ba0   0x08001ba0   0x00000004   Code   RO         2486    i.TIM_SetCounter    stm32f10x_tim.o
    0x08001ba4   0x08001ba4   0x00000012   Code   RO         2487    i.TIM_SetIC1Prescaler  stm32f10x_tim.o
    0x08001bb6   0x08001bb6   0x0000001a   Code   RO         2488    i.TIM_SetIC2Prescaler  stm32f10x_tim.o
    0x08001bd0   0x08001bd0   0x00000012   Code   RO         2489    i.TIM_SetIC3Prescaler  stm32f10x_tim.o
    0x08001be2   0x08001be2   0x0000001a   Code   RO         2490    i.TIM_SetIC4Prescaler  stm32f10x_tim.o
    0x08001bfc   0x08001bfc   0x000000a4   Code   RO         2492    i.TIM_TimeBaseInit  stm32f10x_tim.o
    0x08001ca0   0x08001ca0   0x0000002c   Code   RO         3643    i.Target_Update     control.o
    0x08001ccc   0x08001ccc   0x00000080   Code   RO         3220    i.Timer_Init        timer.o
    0x08001d4c   0x08001d4c   0x0000002c   Code   RO         3506    i.USART2_IRQHandler  ir_sensor.o
    0x08001d78   0x08001d78   0x0000001c   Code   RO         3507    i.USART2_Send_ArrayU8  ir_sensor.o
    0x08001d94   0x08001d94   0x00000020   Code   RO         3508    i.USART2_Send_U8    ir_sensor.o
    0x08001db4   0x08001db4   0x0000001e   Code   RO         2957    i.USART_ClearITPendingBit  stm32f10x_usart.o
    0x08001dd2   0x08001dd2   0x00000018   Code   RO         2960    i.USART_Cmd         stm32f10x_usart.o
    0x08001dea   0x08001dea   0x0000001a   Code   RO         2963    i.USART_GetFlagStatus  stm32f10x_usart.o
    0x08001e04   0x08001e04   0x00000054   Code   RO         2964    i.USART_GetITStatus  stm32f10x_usart.o
    0x08001e58   0x08001e58   0x0000004a   Code   RO         2966    i.USART_ITConfig    stm32f10x_usart.o
    0x08001ea2   0x08001ea2   0x00000002   PAD
    0x08001ea4   0x08001ea4   0x000000d8   Code   RO         2967    i.USART_Init        stm32f10x_usart.o
    0x08001f7c   0x08001f7c   0x0000000a   Code   RO         2974    i.USART_ReceiveData  stm32f10x_usart.o
    0x08001f86   0x08001f86   0x00000008   Code   RO         2977    i.USART_SendData    stm32f10x_usart.o
    0x08001f8e   0x08001f8e   0x00000004   Code   RO         3691    i.UsageFault_Handler  stm32f10x_it.o
    0x08001f92   0x08001f92   0x00000002   PAD
    0x08001f94   0x08001f94   0x0000005c   Code   RO         3280    i.key_GetNum        key.o
    0x08001ff0   0x08001ff0   0x0000002c   Code   RO         3281    i.key_Init          key.o
    0x0800201c   0x0800201c   0x000000d0   Code   RO         3600    i.main              main.o
    0x080020ec   0x080020ec   0x00000084   Code   RO         3509    i.send_control_data  ir_sensor.o
    0x08002170   0x08002170   0x00000036   Code   RO         3510    i.splitString       ir_sensor.o
    0x080021a6   0x080021a6   0x00000002   PAD
    0x080021a8   0x080021a8   0x0000002c   Code   RO         3832    locale$$code        c_w.l(lc_ctype_c.o)
    0x080021d4   0x080021d4   0x000005f0   Data   RO         3317    .constdata          oled.o
    0x080027c4   0x080027c4   0x00000020   Data   RO         3968    Region$$Table       anon$$obj.o
    0x080027e4   0x080027e4   0x00000110   Data   RO         3831    locale$$data        c_w.l(lc_ctype_c.o)


    Execution Region RW_IRAM1 (Exec base: 0x20000000, Load base: 0x080028f4, Size: 0x00000778, Max: 0x00005000, ABSOLUTE)

    Exec Addr    Load Addr    Size         Type   Attr      Idx    E Section Name        Object

    0x20000000   0x080028f4   0x00000014   Data   RW         1805    .data               stm32f10x_rcc.o
    0x20000014   0x08002908   0x0000000d   Data   RW         3512    .data               ir_sensor.o
    0x20000021   0x08002915   0x00000003   PAD
    0x20000024   0x08002918   0x00000016   Data   RW         3644    .data               control.o
    0x2000003a   0x0800292e   0x00000002   PAD
    0x2000003c   0x08002930   0x00000004   Data   RW         3766    .data               c_w.l(strtok.o)
    0x20000040        -       0x000000d8   Zero   RW         3511    .bss                ir_sensor.o
    0x20000118        -       0x00000060   Zero   RW         3797    .bss                c_w.l(libspace.o)
    0x20000178        -       0x00000200   Zero   RW            2    HEAP                startup_stm32f10x_md.o
    0x20000378        -       0x00000400   Zero   RW            1    STACK               startup_stm32f10x_md.o


==============================================================================

Image component sizes


      Code (inc. data)   RO Data    RW Data    ZI Data      Debug   Object Name

       508         60          0         22          0       3152   control.o
         0          0          0          0          0       4500   core_cm3.o
        70          0          0          0          0       1066   delay.o
       192         16          0          0          0       1287   encoder_left.o
       192         16          0          0          0       1305   encoder_right.o
       982        106          0         13        216       9216   ir_sensor.o
       136          8          0          0          0       1112   key.o
       208         24          0          0          0        659   main.o
       132         22          0          0          0     205103   misc.o
       152         12          0          0          0       1696   motor.o
       856         22       1520          0          0       8667   oled.o
        44          0          0          0          0        663   oled_showbinary.o
       216          4          0          0          0       1881   pwm.o
        64         26        236          0       1536        868   startup_stm32f10x_md.o
         0          0          0          0          0       1728   stm32f10x_adc.o
       314          0          0          0          0      12832   stm32f10x_gpio.o
        26          0          0          0          0       4378   stm32f10x_it.o
       276         32          0         20          0      13402   stm32f10x_rcc.o
      1538        180          0          0          0      37314   stm32f10x_tim.o
       472          6          0          0          0      13187   stm32f10x_usart.o
       328         28          0          0          0      45781   system_stm32f10x.o
       128          6          0          0          0        621   timer.o

    ----------------------------------------------------------------------
      6854        568       1788         60       1752     370418   Object Totals
         0          0         32          0          0          0   (incl. Generated)
        20          0          0          5          0          0   (incl. Padding)

    ----------------------------------------------------------------------

      Code (inc. data)   RO Data    RW Data    ZI Data      Debug   Library Member Name

         8          0          0          0          0         68   __main.o
         0          0          0          0          0          0   __rtentry.o
        12          0          0          0          0          0   __rtentry2.o
         6          0          0          0          0          0   __rtentry4.o
        52          8          0          0          0          0   __scatter.o
        26          0          0          0          0          0   __scatter_copy.o
        28          0          0          0          0          0   __scatter_zi.o
        28          0          0          0          0         68   _chval.o
       158          0          0          0          0         92   _strtoul.o
        26          0          0          0          0         80   atoi.o
        18          0          0          0          0         80   exit.o
         6          0          0          0          0        152   heapauxi.o
         0          0          0          0          0          0   indicate_semi.o
        44         10        272          0          0         76   lc_ctype_c.o
         2          0          0          0          0          0   libinit.o
        20          0          0          0          0          0   libinit2.o
         2          0          0          0          0          0   libshutdown.o
         2          0          0          0          0          0   libshutdown2.o
         8          4          0          0         96         68   libspace.o
        16          4          0          0          0         76   rt_ctype_table.o
         8          4          0          0          0         68   rt_errno_addr_intlibspace.o
         8          4          0          0          0         68   rt_locale_intlibspace.o
        68          0          0          0          0         68   rt_memclr.o
        78          0          0          0          0         80   rt_memclr_w.o
       138          0          0          0          0         68   rt_memcpy_v6.o
       100          0          0          0          0         80   rt_memcpy_w.o
         2          0          0          0          0          0   rtexit.o
        10          0          0          0          0          0   rtexit2.o
       128          0          0          0          0         68   strcmpv7m.o
        72          0          0          0          0         80   strcpy.o
        32          0          0          0          0         80   strcspn.o
        62          0          0          0          0         76   strlen.o
        86          0          0          0          0         76   strncpy.o
        28          0          0          0          0         80   strspn.o
        12          6          0          4          0         68   strtok.o
        68          4          0          0          0         84   strtok_int.o
       112          0          0          0          0         88   strtol.o
        12          4          0          0          0         68   sys_exit.o
        74          0          0          0          0         80   sys_stackheap_outer.o
         2          0          0          0          0         68   use_no_semi.o

    ----------------------------------------------------------------------
      1570         48        272          4         96       2108   Library Totals
         8          0          0          0          0          0   (incl. Padding)

    ----------------------------------------------------------------------

      Code (inc. data)   RO Data    RW Data    ZI Data      Debug   Library Name

      1562         48        272          4         96       2108   c_w.l

    ----------------------------------------------------------------------
      1570         48        272          4         96       2108   Library Totals

    ----------------------------------------------------------------------

==============================================================================


      Code (inc. data)   RO Data    RW Data    ZI Data      Debug   

      8424        616       2060         64       1848     366230   Grand Totals
      8424        616       2060         64       1848     366230   ELF Image Totals
      8424        616       2060         64          0          0   ROM Totals

==============================================================================

    Total RO  Size (Code + RO Data)                10484 (  10.24kB)
    Total RW  Size (RW Data + ZI Data)              1912 (   1.87kB)
    Total ROM Size (Code + RO Data + RW Data)      10548 (  10.30kB)

==============================================================================

